Archive member included to satisfy reference by file (symbol)

c:/intelfpga/16.1/nios2eds/bin/gnu/h-x86_64-mingw32/bin/../lib/gcc/nios2-elf/5.3.0/../../../../../H-x86_64-mingw32/nios2-elf/lib\libc.a(lib_a-puts.o)
                              obj/default/main.o (puts)
c:/intelfpga/16.1/nios2eds/bin/gnu/h-x86_64-mingw32/bin/../lib/gcc/nios2-elf/5.3.0/../../../../../H-x86_64-mingw32/nios2-elf/lib\libc.a(lib_a-strlen.o)
                              c:/intelfpga/16.1/nios2eds/bin/gnu/h-x86_64-mingw32/bin/../lib/gcc/nios2-elf/5.3.0/../../../../../H-x86_64-mingw32/nios2-elf/lib\libc.a(lib_a-puts.o) (strlen)
c:/intelfpga/16.1/nios2eds/bin/gnu/h-x86_64-mingw32/bin/../lib/gcc/nios2-elf/5.3.0/../../../../../H-x86_64-mingw32/nios2-elf/lib\libc.a(lib_a-findfp.o)
                              c:/intelfpga/16.1/nios2eds/bin/gnu/h-x86_64-mingw32/bin/../lib/gcc/nios2-elf/5.3.0/../../../../../H-x86_64-mingw32/nios2-elf/lib\libc.a(lib_a-puts.o) (__sinit)
c:/intelfpga/16.1/nios2eds/bin/gnu/h-x86_64-mingw32/bin/../lib/gcc/nios2-elf/5.3.0/../../../../../H-x86_64-mingw32/nios2-elf/lib\libc.a(lib_a-fvwrite.o)
                              c:/intelfpga/16.1/nios2eds/bin/gnu/h-x86_64-mingw32/bin/../lib/gcc/nios2-elf/5.3.0/../../../../../H-x86_64-mingw32/nios2-elf/lib\libc.a(lib_a-puts.o) (__sfvwrite_r)
c:/intelfpga/16.1/nios2eds/bin/gnu/h-x86_64-mingw32/bin/../lib/gcc/nios2-elf/5.3.0/../../../../../H-x86_64-mingw32/nios2-elf/lib\libc.a(lib_a-fwalk.o)
                              c:/intelfpga/16.1/nios2eds/bin/gnu/h-x86_64-mingw32/bin/../lib/gcc/nios2-elf/5.3.0/../../../../../H-x86_64-mingw32/nios2-elf/lib\libc.a(lib_a-findfp.o) (_fwalk)
c:/intelfpga/16.1/nios2eds/bin/gnu/h-x86_64-mingw32/bin/../lib/gcc/nios2-elf/5.3.0/../../../../../H-x86_64-mingw32/nios2-elf/lib\libc.a(lib_a-impure.o)
                              c:/intelfpga/16.1/nios2eds/bin/gnu/h-x86_64-mingw32/bin/../lib/gcc/nios2-elf/5.3.0/../../../../../H-x86_64-mingw32/nios2-elf/lib\libc.a(lib_a-findfp.o) (_global_impure_ptr)
c:/intelfpga/16.1/nios2eds/bin/gnu/h-x86_64-mingw32/bin/../lib/gcc/nios2-elf/5.3.0/../../../../../H-x86_64-mingw32/nios2-elf/lib\libc.a(lib_a-mallocr.o)
                              c:/intelfpga/16.1/nios2eds/bin/gnu/h-x86_64-mingw32/bin/../lib/gcc/nios2-elf/5.3.0/../../../../../H-x86_64-mingw32/nios2-elf/lib\libc.a(lib_a-findfp.o) (_malloc_r)
c:/intelfpga/16.1/nios2eds/bin/gnu/h-x86_64-mingw32/bin/../lib/gcc/nios2-elf/5.3.0/../../../../../H-x86_64-mingw32/nios2-elf/lib\libc.a(lib_a-memchr.o)
                              c:/intelfpga/16.1/nios2eds/bin/gnu/h-x86_64-mingw32/bin/../lib/gcc/nios2-elf/5.3.0/../../../../../H-x86_64-mingw32/nios2-elf/lib\libc.a(lib_a-fvwrite.o) (memchr)
c:/intelfpga/16.1/nios2eds/bin/gnu/h-x86_64-mingw32/bin/../lib/gcc/nios2-elf/5.3.0/../../../../../H-x86_64-mingw32/nios2-elf/lib\libc.a(lib_a-memcpy.o)
                              c:/intelfpga/16.1/nios2eds/bin/gnu/h-x86_64-mingw32/bin/../lib/gcc/nios2-elf/5.3.0/../../../../../H-x86_64-mingw32/nios2-elf/lib\libc.a(lib_a-fvwrite.o) (memcpy)
c:/intelfpga/16.1/nios2eds/bin/gnu/h-x86_64-mingw32/bin/../lib/gcc/nios2-elf/5.3.0/../../../../../H-x86_64-mingw32/nios2-elf/lib\libc.a(lib_a-memmove.o)
                              c:/intelfpga/16.1/nios2eds/bin/gnu/h-x86_64-mingw32/bin/../lib/gcc/nios2-elf/5.3.0/../../../../../H-x86_64-mingw32/nios2-elf/lib\libc.a(lib_a-fvwrite.o) (memmove)
c:/intelfpga/16.1/nios2eds/bin/gnu/h-x86_64-mingw32/bin/../lib/gcc/nios2-elf/5.3.0/../../../../../H-x86_64-mingw32/nios2-elf/lib\libc.a(lib_a-memset.o)
                              c:/intelfpga/16.1/nios2eds/bin/gnu/h-x86_64-mingw32/bin/../lib/gcc/nios2-elf/5.3.0/../../../../../H-x86_64-mingw32/nios2-elf/lib\libc.a(lib_a-findfp.o) (memset)
c:/intelfpga/16.1/nios2eds/bin/gnu/h-x86_64-mingw32/bin/../lib/gcc/nios2-elf/5.3.0/../../../../../H-x86_64-mingw32/nios2-elf/lib\libc.a(lib_a-reallocr.o)
                              c:/intelfpga/16.1/nios2eds/bin/gnu/h-x86_64-mingw32/bin/../lib/gcc/nios2-elf/5.3.0/../../../../../H-x86_64-mingw32/nios2-elf/lib\libc.a(lib_a-fvwrite.o) (_realloc_r)
c:/intelfpga/16.1/nios2eds/bin/gnu/h-x86_64-mingw32/bin/../lib/gcc/nios2-elf/5.3.0/../../../../../H-x86_64-mingw32/nios2-elf/lib\libc.a(lib_a-sbrkr.o)
                              c:/intelfpga/16.1/nios2eds/bin/gnu/h-x86_64-mingw32/bin/../lib/gcc/nios2-elf/5.3.0/../../../../../H-x86_64-mingw32/nios2-elf/lib\libc.a(lib_a-mallocr.o) (_sbrk_r)
c:/intelfpga/16.1/nios2eds/bin/gnu/h-x86_64-mingw32/bin/../lib/gcc/nios2-elf/5.3.0/../../../../../H-x86_64-mingw32/nios2-elf/lib\libc.a(lib_a-stdio.o)
                              c:/intelfpga/16.1/nios2eds/bin/gnu/h-x86_64-mingw32/bin/../lib/gcc/nios2-elf/5.3.0/../../../../../H-x86_64-mingw32/nios2-elf/lib\libc.a(lib_a-findfp.o) (__sread)
c:/intelfpga/16.1/nios2eds/bin/gnu/h-x86_64-mingw32/bin/../lib/gcc/nios2-elf/5.3.0/../../../../../H-x86_64-mingw32/nios2-elf/lib\libc.a(lib_a-writer.o)
[...]
Memory Configuration

Name             Origin             Length             Attributes
reset            0x0000000000800000 0x0000000000000020
sdram            0x0000000000800020 0x00000000007fffe0
onchip_mem       0x0000000001008000 0x0000000000007800
*default*        0x0000000000000000 0xffffffffffffffff

Linker script and memory map

LOAD ../pacemaker_bsp//obj/HAL/src/crt0.o
LOAD obj/default/main.o
LOAD obj/default/pacemaker.o
LOAD c:/intelfpga/16.1/nios2eds/bin/gnu/h-x86_64-mingw32/bin/../lib/gcc/nios2-elf/5.3.0/../../../../../H-x86_64-mingw32/nios2-elf/lib\libstdc++.a
LOAD c:/intelfpga/16.1/nios2eds/bin/gnu/h-x86_64-mingw32/bin/../lib/gcc/nios2-elf/5.3.0/../../../../../H-x86_64-mingw32/nios2-elf/lib\libm.a
LOAD c:/intelfpga/16.1/nios2eds/bin/gnu/h-x86_64-mingw32/bin/../lib/gcc/nios2-elf/5.3.0\libgcc.a
START GROUP
LOAD c:/intelfpga/16.1/nios2eds/bin/gnu/h-x86_64-mingw32/bin/../lib/gcc/nios2-elf/5.3.0/../../../../../H-x86_64-mingw32/nios2-elf/lib\libc.a
LOAD c:/intelfpga/16.1/nios2eds/bin/gnu/h-x86_64-mingw32/bin/../lib/gcc/nios2-elf/5.3.0\libgcc.a
LOAD ../pacemaker_bsp/\libhal_bsp.a
LOAD c:/intelfpga/16.1/nios2eds/bin/gnu/h-x86_64-mingw32/bin/../lib/gcc/nios2-elf/5.3.0/../../../../../H-x86_64-mingw32/nios2-elf/lib\libm.a
END GROUP
LOAD c:/intelfpga/16.1/nios2eds/bin/gnu/h-x86_64-mingw32/bin/../lib/gcc/nios2-elf/5.3.0\libgcc.a
                0x0000000000800000                __alt_mem_sdram = 0x800000
                0x0000000001008000                __alt_mem_onchip_mem = 0x1008000

.entry          0x0000000000800000       0x20
 *(.entry)
 .entry         0x0000000000800000       0x20 ../pacemaker_bsp//obj/HAL/src/crt0.o
                0x0000000000800000                __reset

.exceptions     0x0000000000800020      0x224
                0x0000000000800020                PROVIDE (__ram_exceptions_start, ABSOLUTE (.))
                0x0000000000800020                . = ALIGN (0x20)
 *(.irq)
 *(.exceptions.entry.label)
 .exceptions.entry.label
                0x0000000000800020        0x0 ../pacemaker_bsp/\libhal_bsp.a(alt_irq_entry.o)
                0x0000000000800020                alt_irq_entry
 .exceptions.entry.label
                0x0000000000800020        0x0 ../pacemaker_bsp/\libhal_bsp.a(alt_exception_entry.o)
                0x0000000000800020                alt_exception
 *(.exceptions.entry.user)
 *(.exceptions.entry.ecc_fatal)
 *(.exceptions.entry)
 .exceptions.entry
                0x0000000000800020       0x54 ../pacemaker_bsp/\libhal_bsp.a(alt_exception_entry.o)
 *(.exceptions.irqtest.user)
 *(.exceptions.irqtest)
 .exceptions.irqtest
                0x0000000000800074       0x10 ../pacemaker_bsp/\libhal_bsp.a(alt_irq_entry.o)
 *(.exceptions.irqhandler.user)
 *(.exceptions.irqhandler)
 .exceptions.irqhandler
                0x0000000000800084        0x4 ../pacemaker_bsp/\libhal_bsp.a(alt_irq_entry.o)
 *(.exceptions.irqreturn.user)
 *(.exceptions.irqreturn)
 .exceptions.irqreturn
                0x0000000000800088        0x4 ../pacemaker_bsp/\libhal_bsp.a(alt_irq_entry.o)
 *(.exceptions.notirq.label)
 .exceptions.notirq.label
                0x000000000080008c        0x0 ../pacemaker_bsp/\libhal_bsp.a(alt_irq_entry.o)
 *(.exceptions.notirq.user)
 *(.exceptions.notirq)
 .exceptions.notirq
                0x000000000080008c        0x8 ../pacemaker_bsp/\libhal_bsp.a(alt_exception_entry.o)
 *(.exceptions.soft.user)
 *(.exceptions.soft)
 *(.exceptions.unknown.user)
 *(.exceptions.unknown)
 .exceptions.unknown
                0x0000000000800094       0x14 ../pacemaker_bsp/\libhal_bsp.a(alt_exception_entry.o)
 *(.exceptions.exit.label)
 .exceptions.exit.label
                0x00000000008000a8        0x0 ../pacemaker_bsp/\libhal_bsp.a(alt_irq_entry.o)
 .exceptions.exit.label
                0x00000000008000a8        0x0 ../pacemaker_bsp/\libhal_bsp.a(alt_exception_entry.o)
 *(.exceptions.exit.user)
 *(.exceptions.exit)
 .exceptions.exit
                0x00000000008000a8       0x54 ../pacemaker_bsp/\libhal_bsp.a(alt_exception_entry.o)
 *(.exceptions)
 .exceptions    0x00000000008000fc       0xd4 ../pacemaker_bsp/\libhal_bsp.a(alt_irq_handler.o)
                0x00000000008000fc                alt_irq_handler
 .exceptions    0x00000000008001d0       0x74 ../pacemaker_bsp/\libhal_bsp.a(alt_instruction_exception_entry.o)
                0x00000000008001d0                alt_instruction_exception_entry
                0x0000000000800244                PROVIDE (__ram_exceptions_end, ABSOLUTE (.))
                0x0000000000800020                PROVIDE (__flash_exceptions_start, LOADADDR (.exceptions))

.text           0x0000000000800244     0x9f40
                [!provide]                        PROVIDE (stext, ABSOLUTE (.))
 *(.interp)
 *(.hash)
 *(.dynsym)
 *(.dynstr)
 *(.gnu.version)
 *(.gnu.version_d)
 *(.gnu.version_r)
 *(.rel.init)
 *(.rela.init)
 *(.rel.text .rel.text.* .rel.gnu.linkonce.t.*)
 *(.rela.text .rela.text.* .rela.gnu.linkonce.t.*)
 *(.rel.fini)
 *(.rela.fini)
 *(.rel.rodata .rel.rodata.* .rel.gnu.linkonce.r.*)
 *(.rela.rodata .rela.rodata.* .rela.gnu.linkonce.r.*)
 *(.rel.data .rel.data.* .rel.gnu.linkonce.d.*)
 *(.rela.data .rela.data.* .rela.gnu.linkonce.d.*)
 *(.rel.tdata .rel.tdata.* .rel.gnu.linkonce.td.*)
 *(.rela.tdata .rela.tdata.* .rela.gnu.linkonce.td.*)
 *(.rel.tbss .rel.tbss.* .rel.gnu.linkonce.tb.*)
 *(.rela.tbss .rela.tbss.* .rela.gnu.linkonce.tb.*)
 *(.rel.ctors)
 *(.rela.ctors)
 *(.rel.dtors)
 *(.rela.dtors)
 *(.rel.got)
 *(.rela.got)
 *(.rel.sdata .rel.sdata.* .rel.gnu.linkonce.s.*)
 *(.rela.sdata .rela.sdata.* .rela.gnu.linkonce.s.*)
 *(.rel.sbss .rel.sbss.* .rel.gnu.linkonce.sb.*)
 *(.rela.sbss .rela.sbss.* .rela.gnu.linkonce.sb.*)
 *(.rel.sdata2 .rel.sdata2.* .rel.gnu.linkonce.s2.*)
 *(.rela.sdata2 .rela.sdata2.* .rela.gnu.linkonce.s2.*)
 *(.rel.sbss2 .rel.sbss2.* .rel.gnu.linkonce.sb2.*)
 *(.rela.sbss2 .rela.sbss2.* .rela.gnu.linkonce.sb2.*)
 *(.rel.bss .rel.bss.* .rel.gnu.linkonce.b.*)
 *(.rela.bss .rela.bss.* .rela.gnu.linkonce.b.*)
 *(.rel.plt)
 *(.rela.plt)
 *(.rel.dyn)
 *(.init)
 *(.plt)
 *(.text .stub .text.* .gnu.linkonce.t.*)
 .text          0x0000000000800244       0x4c ../pacemaker_bsp//obj/HAL/src/crt0.o
                0x0000000000800244                _start
 .text          0x0000000000800290      0x438 obj/default/main.o
                0x0000000000800290                timer_isr
                0x00000000008002d0                tx_char
                0x000000000080036c                led_timer_isr
                0x00000000008003ac                main
 .text          0x00000000008006c8     0x2bd4 obj/default/pacemaker.o
                0x00000000008006c8                reset
                0x0000000000800778                tick
 .text          0x000000000080329c        0x0 c:/intelfpga/16.1/nios2eds/bin/gnu/h-x86_64-mingw32/bin/../lib/gcc/nios2-elf/5.3.0/../../../../../H-x86_64-mingw32/nios2-elf/lib\libc.a(lib_a-puts.o)
 .text._puts_r  0x000000000080329c       0xc0 c:/intelfpga/16.1/nios2eds/bin/gnu/h-x86_64-mingw32/bin/../lib/gcc/nios2-elf/5.3.0/../../../../../H-x86_64-mingw32/nios2-elf/lib\libc.a(lib_a-puts.o)
                0x000000000080329c                _puts_r
 .text.puts     0x000000000080335c       0x14 c:/intelfpga/16.1/nios2eds/bin/gnu/h-x86_64-mingw32/bin/../lib/gcc/nios2-elf/5.3.0/../../../../../H-x86_64-mingw32/nios2-elf/lib\libc.a(lib_a-puts.o)
                0x000000000080335c                puts
 .text          0x0000000000803370        0x0 c:/intelfpga/16.1/nios2eds/bin/gnu/h-x86_64-mingw32/bin/../lib/gcc/nios2-elf/5.3.0/../../../../../H-x86_64-mingw32/nios2-elf/lib\libc.a(lib_a-strlen.o)
 .text.strlen   0x0000000000803370       0x98 c:/intelfpga/16.1/nios2eds/bin/gnu/h-x86_64-mingw32/bin/../lib/gcc/nios2-elf/5.3.0/../../../../../H-x86_64-mingw32/nios2-elf/lib\libc.a(lib_a-strlen.o)
                0x0000000000803370                strlen
 .text          0x0000000000803408        0x0 c:/intelfpga/16.1/nios2eds/bin/gnu/h-x86_64-mingw32/bin/../lib/gcc/nios2-elf/5.3.0/../../../../../H-x86_64-mingw32/nios2-elf/lib\libc.a(lib_a-findfp.o)
 .text.__fp_unlock
                0x0000000000803408        0x8 c:/intelfpga/16.1/nios2eds/bin/gnu/h-x86_64-mingw32/bin/../lib/gcc/nios2-elf/5.3.0/../../../../../H-x86_64-mingw32/nios2-elf/lib\libc.a(lib_a-findfp.o)
 .text._cleanup_r
                0x0000000000803410        0xc c:/intelfpga/16.1/nios2eds/bin/gnu/h-x86_64-mingw32/bin/../lib/gcc/nios2-elf/5.3.0/../../../../../H-x86_64-mingw32/nios2-elf/lib\libc.a(lib_a-findfp.o)
                0x0000000000803410                _cleanup_r
 .text.__sinit.part.1
                0x000000000080341c      0x19c c:/intelfpga/16.1/nios2eds/bin/gnu/h-x86_64-mingw32/bin/../lib/gcc/nios2-elf/5.3.0/../../../../../H-x86_64-mingw32/nios2-elf/lib\libc.a(lib_a-findfp.o)
 .text.__fp_lock
                0x00000000008035b8        0x8 c:/intelfpga/16.1/nios2eds/bin/gnu/h-x86_64-mingw32/bin/../lib/gcc/nios2-elf/5.3.0/../../../../../H-x86_64-mingw32/nios2-elf/lib\libc.a(lib_a-findfp.o)
 .text.__sfmoreglue
                0x00000000008035c0       0x68 c:/intelfpga/16.1/nios2eds/bin/gnu/h-x86_64-mingw32/bin/../lib/gcc/nios2-elf/5.3.0/../../../../../H-x86_64-mingw32/nios2-elf/lib\libc.a(lib_a-findfp.o)
                0x00000000008035c0                __sfmoreglue
 .text.__sfp    0x0000000000803628      0x118 c:/intelfpga/16.1/nios2eds/bin/gnu/h-x86_64-mingw32/bin/../lib/gcc/nios2-elf/5.3.0/../../../../../H-x86_64-mingw32/nios2-elf/lib\libc.a(lib_a-findfp.o)
                0x0000000000803628                __sfp
 .text._cleanup
                0x0000000000803740       0x18 c:/intelfpga/16.1/nios2eds/bin/gnu/h-x86_64-mingw32/bin/../lib/gcc/nios2-elf/5.3.0/../../../../../H-x86_64-mingw32/nios2-elf/lib\libc.a(lib_a-findfp.o)
                0x0000000000803740                _cleanup
 .text.__sinit  0x0000000000803758       0x10 c:/intelfpga/16.1/nios2eds/bin/gnu/h-x86_64-mingw32/bin/../lib/gcc/nios2-elf/5.3.0/../../../../../H-x86_64-mingw32/nios2-elf/lib\libc.a(lib_a-findfp.o)
                0x0000000000803758                __sinit
 .text.__sfp_lock_acquire
                0x0000000000803768        0x4 c:/intelfpga/16.1/nios2eds/bin/gnu/h-x86_64-mingw32/bin/../lib/gcc/nios2-elf/5.3.0/../../../../../H-x86_64-mingw32/nios2-elf/lib\libc.a(lib_a-findfp.o)
                0x0000000000803768                __sfp_lock_acquire
 .text.__sfp_lock_release
                0x000000000080376c        0x4 c:/intelfpga/16.1/nios2eds/bin/gnu/h-x86_64-mingw32/bin/../lib/gcc/nios2-elf/5.3.0/../../../../../H-x86_64-mingw32/nios2-elf/lib\libc.a(lib_a-findfp.o)
                0x000000000080376c                __sfp_lock_release
 .text.__sinit_lock_acquire
                0x0000000000803770        0x4 c:/intelfpga/16.1/nios2eds/bin/gnu/h-x86_64-mingw32/bin/../lib/gcc/nios2-elf/5.3.0/../../../../../H-x86_64-mingw32/nios2-elf/lib\libc.a(lib_a-findfp.o)
                0x0000000000803770                __sinit_lock_acquire
 .text.__sinit_lock_release
                0x0000000000803774        0x4 c:/intelfpga/16.1/nios2eds/bin/gnu/h-x86_64-mingw32/bin/../lib/gcc/nios2-elf/5.3.0/../../../../../H-x86_64-mingw32/nios2-elf/lib\libc.a(lib_a-findfp.o)
                0x0000000000803774                __sinit_lock_release
 .text.__fp_lock_all
                0x0000000000803778       0x18 c:/intelfpga/16.1/nios2eds/bin/gnu/h-x86_64-mingw32/bin/../lib/gcc/nios2-elf/5.3.0/../../../../../H-x86_64-mingw32/nios2-elf/lib\libc.a(lib_a-findfp.o)
                0x0000000000803778                __fp_lock_all
 .text.__fp_unlock_all
                0x0000000000803790       0x18 c:/intelfpga/16.1/nios2eds/bin/gnu/h-x86_64-mingw32/bin/../lib/gcc/nios2-elf/5.3.0/../../../../../H-x86_64-mingw32/nios2-elf/lib\libc.a(lib_a-findfp.o)
                0x0000000000803790                __fp_unlock_all
 .text          0x00000000008037a8        0x0 c:/intelfpga/16.1/nios2eds/bin/gnu/h-x86_64-mingw32/bin/../lib/gcc/nios2-elf/5.3.0/../../../../../H-x86_64-mingw32/nios2-elf/lib\libc.a(lib_a-fvwrite.o)
 .text.__sfvwrite_r
                0x00000000008037a8      0x4bc c:/intelfpga/16.1/nios2eds/bin/gnu/h-x86_64-mingw32/bin/../lib/gcc/nios2-elf/5.3.0/../../../../../H-x86_64-mingw32/nios2-elf/lib\libc.a(lib_a-fvwrite.o)
                0x00000000008037a8                __sfvwrite_r
 .text          0x0000000000803c64        0x0 c:/intelfpga/16.1/nios2eds/bin/gnu/h-x86_64-mingw32/bin/../lib/gcc/nios2-elf/5.3.0/../../../../../H-x86_64-mingw32/nios2-elf/lib\libc.a(lib_a-fwalk.o)
 .text._fwalk   0x0000000000803c64       0xc4 c:/intelfpga/16.1/nios2eds/bin/gnu/h-x86_64-mingw32/bin/../lib/gcc/nios2-elf/5.3.0/../../../../../H-x86_64-mingw32/nios2-elf/lib\libc.a(lib_a-fwalk.o)
                0x0000000000803c64                _fwalk
 .text._fwalk_reent
                0x0000000000803d28       0xc4 c:/intelfpga/16.1/nios2eds/bin/gnu/h-x86_64-mingw32/bin/../lib/gcc/nios2-elf/5.3.0/../../../../../H-x86_64-mingw32/nios2-elf/lib\libc.a(lib_a-fwalk.o)
                0x0000000000803d28                _fwalk_reent
 .text          0x0000000000803dec        0x0 c:/intelfpga/16.1/nios2eds/bin/gnu/h-x86_64-mingw32/bin/../lib/gcc/nios2-elf/5.3.0/../../../../../H-x86_64-mingw32/nios2-elf/lib\libc.a(lib_a-impure.o)
 .text          0x0000000000803dec        0x0 c:/intelfpga/16.1/nios2eds/bin/gnu/h-x86_64-mingw32/bin/../lib/gcc/nios2-elf/5.3.0/../../../../../H-x86_64-mingw32/nios2-elf/lib\libc.a(lib_a-mallocr.o)
 .text._malloc_r
                0x0000000000803dec      0x80c c:/intelfpga/16.1/nios2eds/bin/gnu/h-x86_64-mingw32/bin/../lib/gcc/nios2-elf/5.3.0/../../../../../H-x86_64-mingw32/nios2-elf/lib\libc.a(lib_a-mallocr.o)
                0x0000000000803dec                _malloc_r
 .text          0x00000000008045f8        0x0 c:/intelfpga/16.1/nios2eds/bin/gnu/h-x86_64-mingw32/bin/../lib/gcc/nios2-elf/5.3.0/../../../../../H-x86_64-mingw32/nios2-elf/lib\libc.a(lib_a-memchr.o)
 .text.memchr   0x00000000008045f8       0xe4 c:/intelfpga/16.1/nios2eds/bin/gnu/h-x86_64-mingw32/bin/../lib/gcc/nios2-elf/5.3.0/../../../../../H-x86_64-mingw32/nios2-elf/lib\libc.a(lib_a-memchr.o)
                0x00000000008045f8                memchr
 .text          0x00000000008046dc        0x0 c:/intelfpga/16.1/nios2eds/bin/gnu/h-x86_64-mingw32/bin/../lib/gcc/nios2-elf/5.3.0/../../../../../H-x86_64-mingw32/nios2-elf/lib\libc.a(lib_a-memcpy.o)
 .text.memcpy   0x00000000008046dc      0x148 c:/intelfpga/16.1/nios2eds/bin/gnu/h-x86_64-mingw32/bin/../lib/gcc/nios2-elf/5.3.0/../../../../../H-x86_64-mingw32/nios2-elf/lib\libc.a(lib_a-memcpy.o)
                0x00000000008046dc                memcpy
 .text          0x0000000000804824        0x0 c:/intelfpga/16.1/nios2eds/bin/gnu/h-x86_64-mingw32/bin/../lib/gcc/nios2-elf/5.3.0/../../../../../H-x86_64-mingw32/nios2-elf/lib\libc.a(lib_a-memmove.o)
 .text.memmove  0x0000000000804824      0x15c c:/intelfpga/16.1/nios2eds/bin/gnu/h-x86_64-mingw32/bin/../lib/gcc/nios2-elf/5.3.0/../../../../../H-x86_64-mingw32/nios2-elf/lib\libc.a(lib_a-memmove.o)
                0x0000000000804824                memmove
 .text          0x0000000000804980        0x0 c:/intelfpga/16.1/nios2eds/bin/gnu/h-x86_64-mingw32/bin/../lib/gcc/nios2-elf/5.3.0/../../../../../H-x86_64-mingw32/nios2-elf/lib\libc.a(lib_a-memset.o)
 .text.memset   0x0000000000804980      0x128 c:/intelfpga/16.1/nios2eds/bin/gnu/h-x86_64-mingw32/bin/../lib/gcc/nios2-elf/5.3.0/../../../../../H-x86_64-mingw32/nios2-elf/lib\libc.a(lib_a-memset.o)
                0x0000000000804980                memset
 .text          0x0000000000804aa8        0x0 c:/intelfpga/16.1/nios2eds/bin/gnu/h-x86_64-mingw32/bin/../lib/gcc/nios2-elf/5.3.0/../../../../../H-x86_64-mingw32/nios2-elf/lib\libc.a(lib_a-reallocr.o)
 .text._realloc_r
                0x0000000000804aa8      0x564 c:/intelfpga/16.1/nios2eds/bin/gnu/h-x86_64-mingw32/bin/../lib/gcc/nios2-elf/5.3.0/../../../../../H-x86_64-mingw32/nios2-elf/lib\libc.a(lib_a-reallocr.o)
                0x0000000000804aa8                _realloc_r
 .text          0x000000000080500c        0x0 c:/intelfpga/16.1/nios2eds/bin/gnu/h-x86_64-mingw32/bin/../lib/gcc/nios2-elf/5.3.0/../../../../../H-x86_64-mingw32/nios2-elf/lib\libc.a(lib_a-sbrkr.o)
 .text._sbrk_r  0x000000000080500c       0x54 c:/intelfpga/16.1/nios2eds/bin/gnu/h-x86_64-mingw32/bin/../lib/gcc/nios2-elf/5.3.0/../../../../../H-x86_64-mingw32/nios2-elf/lib\libc.a(lib_a-sbrkr.o)
                0x000000000080500c                _sbrk_r
 .text          0x0000000000805060        0x0 c:/intelfpga/16.1/nios2eds/bin/gnu/h-x86_64-mingw32/bin/../lib/gcc/nios2-elf/5.3.0/../../../../../H-x86_64-mingw32/nios2-elf/lib\libc.a(lib_a-stdio.o)
 .text.__sread  0x0000000000805060       0x54 c:/intelfpga/16.1/nios2eds/bin/gnu/h-x86_64-mingw32/bin/../lib/gcc/nios2-elf/5.3.0/../../../../../H-x86_64-mingw32/nios2-elf/lib\libc.a(lib_a-stdio.o)
                0x0000000000805060                __sread
 .text.__seofread
                0x00000000008050b4        0x8 c:/intelfpga/16.1/nios2eds/bin/gnu/h-x86_64-mingw32/bin/../lib/gcc/nios2-elf/5.3.0/../../../../../H-x86_64-mingw32/nios2-elf/lib\libc.a(lib_a-stdio.o)
                0x00000000008050b4                __seofread
 .text.__swrite
                0x00000000008050bc       0x7c c:/intelfpga/16.1/nios2eds/bin/gnu/h-x86_64-mingw32/bin/../lib/gcc/nios2-elf/5.3.0/../../../../../H-x86_64-mingw32/nios2-elf/lib\libc.a(lib_a-stdio.o)
                0x00000000008050bc                __swrite
 .text.__sseek  0x0000000000805138       0x5c c:/intelfpga/16.1/nios2eds/bin/gnu/h-x86_64-mingw32/bin/../lib/gcc/nios2-elf/5.3.0/../../../../../H-x86_64-mingw32/nios2-elf/lib\libc.a(lib_a-stdio.o)
                0x0000000000805138                __sseek
 .text.__sclose
                0x0000000000805194        0x8 c:/intelfpga/16.1/nios2eds/bin/gnu/h-x86_64-mingw32/bin/../lib/gcc/nios2-elf/5.3.0/../../../../../H-x86_64-mingw32/nios2-elf/lib\libc.a(lib_a-stdio.o)
                0x0000000000805194                __sclose
 .text          0x000000000080519c        0x0 c:/intelfpga/16.1/nios2eds/bin/gnu/h-x86_64-mingw32/bin/../lib/gcc/nios2-elf/5.3.0/../../../../../H-x86_64-mingw32/nios2-elf/lib\libc.a(lib_a-writer.o)
 .text._write_r
                0x000000000080519c       0x60 c:/intelfpga/16.1/nios2eds/bin/gnu/h-x86_64-mingw32/bin/../lib/gcc/nios2-elf/5.3.0/../../../../../H-x86_64-mingw32/nios2-elf/lib\libc.a(lib_a-writer.o)
                0x000000000080519c                _write_r
 .text          0x00000000008051fc        0x0 c:/intelfpga/16.1/nios2eds/bin/gnu/h-x86_64-mingw32/bin/../lib/gcc/nios2-elf/5.3.0/../../../../../H-x86_64-mingw32/nios2-elf/lib\libc.a(lib_a-wsetup.o)
 .text.__swsetup_r
                0x00000000008051fc      0x154 c:/intelfpga/16.1/nios2eds/bin/gnu/h-x86_64-mingw32/bin/../lib/gcc/nios2-elf/5.3.0/../../../../../H-x86_64-mingw32/nios2-elf/lib\libc.a(lib_a-wsetup.o)
                0x00000000008051fc                __swsetup_r
 .text          0x0000000000805350        0x0 c:/intelfpga/16.1/nios2eds/bin/gnu/h-x86_64-mingw32/bin/../lib/gcc/nios2-elf/5.3.0/../../../../../H-x86_64-mingw32/nios2-elf/lib\libc.a(closer.o)
 .text._close_r
                0x0000000000805350       0x54 c:/intelfpga/16.1/nios2eds/bin/gnu/h-x86_64-mingw32/bin/../lib/gcc/nios2-elf/5.3.0/../../../../../H-x86_64-mingw32/nios2-elf/lib\libc.a(closer.o)
                0x0000000000805350                _close_r
 .text          0x00000000008053a4        0x0 c:/intelfpga/16.1/nios2eds/bin/gnu/h-x86_64-mingw32/bin/../lib/gcc/nios2-elf/5.3.0/../../../../../H-x86_64-mingw32/nios2-elf/lib\libc.a(lib_a-fclose.o)
 .text._fclose_r
                0x00000000008053a4       0xf0 c:/intelfpga/16.1/nios2eds/bin/gnu/h-x86_64-mingw32/bin/../lib/gcc/nios2-elf/5.3.0/../../../../../H-x86_64-mingw32/nios2-elf/lib\libc.a(lib_a-fclose.o)
                0x00000000008053a4                _fclose_r
 .text.fclose   0x0000000000805494       0x14 c:/intelfpga/16.1/nios2eds/bin/gnu/h-x86_64-mingw32/bin/../lib/gcc/nios2-elf/5.3.0/../../../../../H-x86_64-mingw32/nios2-elf/lib\libc.a(lib_a-fclose.o)
                0x0000000000805494                fclose
 .text          0x00000000008054a8        0x0 c:/intelfpga/16.1/nios2eds/bin/gnu/h-x86_64-mingw32/bin/../lib/gcc/nios2-elf/5.3.0/../../../../../H-x86_64-mingw32/nios2-elf/lib\libc.a(lib_a-fflush.o)
 .text.__sflush_r
                0x00000000008054a8      0x21c c:/intelfpga/16.1/nios2eds/bin/gnu/h-x86_64-mingw32/bin/../lib/gcc/nios2-elf/5.3.0/../../../../../H-x86_64-mingw32/nios2-elf/lib\libc.a(lib_a-fflush.o)
                0x00000000008054a8                __sflush_r
 .text._fflush_r
                0x00000000008056c4       0x5c c:/intelfpga/16.1/nios2eds/bin/gnu/h-x86_64-mingw32/bin/../lib/gcc/nios2-elf/5.3.0/../../../../../H-x86_64-mingw32/nios2-elf/lib\libc.a(lib_a-fflush.o)
                0x00000000008056c4                _fflush_r
 .text.fflush   0x0000000000805720       0x30 c:/intelfpga/16.1/nios2eds/bin/gnu/h-x86_64-mingw32/bin/../lib/gcc/nios2-elf/5.3.0/../../../../../H-x86_64-mingw32/nios2-elf/lib\libc.a(lib_a-fflush.o)
                0x0000000000805720                fflush
 .text          0x0000000000805750        0x0 c:/intelfpga/16.1/nios2eds/bin/gnu/h-x86_64-mingw32/bin/../lib/gcc/nios2-elf/5.3.0/../../../../../H-x86_64-mingw32/nios2-elf/lib\libc.a(lib_a-freer.o)
 .text._malloc_trim_r
                0x0000000000805750      0x124 c:/intelfpga/16.1/nios2eds/bin/gnu/h-x86_64-mingw32/bin/../lib/gcc/nios2-elf/5.3.0/../../../../../H-x86_64-mingw32/nios2-elf/lib\libc.a(lib_a-freer.o)
                0x0000000000805750                _malloc_trim_r
 .text._free_r  0x0000000000805874      0x310 c:/intelfpga/16.1/nios2eds/bin/gnu/h-x86_64-mingw32/bin/../lib/gcc/nios2-elf/5.3.0/../../../../../H-x86_64-mingw32/nios2-elf/lib\libc.a(lib_a-freer.o)
                0x0000000000805874                _free_r
 .text          0x0000000000805b84        0x0 c:/intelfpga/16.1/nios2eds/bin/gnu/h-x86_64-mingw32/bin/../lib/gcc/nios2-elf/5.3.0/../../../../../H-x86_64-mingw32/nios2-elf/lib\libc.a(lib_a-int_errno.o)
 .text          0x0000000000805b84        0x0 c:/intelfpga/16.1/nios2eds/bin/gnu/h-x86_64-mingw32/bin/../lib/gcc/nios2-elf/5.3.0/../../../../../H-x86_64-mingw32/nios2-elf/lib\libc.a(lib_a-lseekr.o)
 .text._lseek_r
                0x0000000000805b84       0x60 c:/intelfpga/16.1/nios2eds/bin/gnu/h-x86_64-mingw32/bin/../lib/gcc/nios2-elf/5.3.0/../../../../../H-x86_64-mingw32/nios2-elf/lib\libc.a(lib_a-lseekr.o)
                0x0000000000805b84                _lseek_r
 .text          0x0000000000805be4        0x0 c:/intelfpga/16.1/nios2eds/bin/gnu/h-x86_64-mingw32/bin/../lib/gcc/nios2-elf/5.3.0/../../../../../H-x86_64-mingw32/nios2-elf/lib\libc.a(lib_a-makebuf.o)
 .text.__smakebuf_r
                0x0000000000805be4      0x1bc c:/intelfpga/16.1/nios2eds/bin/gnu/h-x86_64-mingw32/bin/../lib/gcc/nios2-elf/5.3.0/../../../../../H-x86_64-mingw32/nios2-elf/lib\libc.a(lib_a-makebuf.o)
                0x0000000000805be4                __smakebuf_r
 .text          0x0000000000805da0        0x0 c:/intelfpga/16.1/nios2eds/bin/gnu/h-x86_64-mingw32/bin/../lib/gcc/nios2-elf/5.3.0/../../../../../H-x86_64-mingw32/nios2-elf/lib\libc.a(lib_a-readr.o)
 .text._read_r  0x0000000000805da0       0x60 c:/intelfpga/16.1/nios2eds/bin/gnu/h-x86_64-mingw32/bin/../lib/gcc/nios2-elf/5.3.0/../../../../../H-x86_64-mingw32/nios2-elf/lib\libc.a(lib_a-readr.o)
                0x0000000000805da0                _read_r
 .text          0x0000000000805e00        0x0 c:/intelfpga/16.1/nios2eds/bin/gnu/h-x86_64-mingw32/bin/../lib/gcc/nios2-elf/5.3.0/../../../../../H-x86_64-mingw32/nios2-elf/lib\libc.a(lib_a-fstatr.o)
 .text._fstat_r
                0x0000000000805e00       0x5c c:/intelfpga/16.1/nios2eds/bin/gnu/h-x86_64-mingw32/bin/../lib/gcc/nios2-elf/5.3.0/../../../../../H-x86_64-mingw32/nios2-elf/lib\libc.a(lib_a-fstatr.o)
                0x0000000000805e00                _fstat_r
 .text          0x0000000000805e5c        0x0 c:/intelfpga/16.1/nios2eds/bin/gnu/h-x86_64-mingw32/bin/../lib/gcc/nios2-elf/5.3.0/../../../../../H-x86_64-mingw32/nios2-elf/lib\libc.a(lib_a-isattyr.o)
 .text._isatty_r
                0x0000000000805e5c       0x54 c:/intelfpga/16.1/nios2eds/bin/gnu/h-x86_64-mingw32/bin/../lib/gcc/nios2-elf/5.3.0/../../../../../H-x86_64-mingw32/nios2-elf/lib\libc.a(lib_a-isattyr.o)
                0x0000000000805e5c                _isatty_r
 .text          0x0000000000805eb0      0x1b4 c:/intelfpga/16.1/nios2eds/bin/gnu/h-x86_64-mingw32/bin/../lib/gcc/nios2-elf/5.3.0\libgcc.a(lib2-divmod.o)
                0x0000000000805eb0                __divsi3
                0x0000000000805f34                __modsi3
                0x0000000000805fa8                __udivsi3
                0x000000000080600c                __umodsi3
 .text          0x0000000000806064      0x12c ../pacemaker_bsp/\libhal_bsp.a(alt_alarm_start.o)
                0x0000000000806064                alt_alarm_start
 .text          0x0000000000806190      0x10c ../pacemaker_bsp/\libhal_bsp.a(alt_close.o)
                0x00000000008061cc                close
 .text          0x000000000080629c       0x2c ../pacemaker_bsp/\libhal_bsp.a(alt_dev.o)
 .text          0x00000000008062c8        0x0 ../pacemaker_bsp/\libhal_bsp.a(alt_errno.o)
 .text          0x00000000008062c8       0xec ../pacemaker_bsp/\libhal_bsp.a(alt_fstat.o)
                0x0000000000806304                fstat
 .text          0x00000000008063b4       0xe0 ../pacemaker_bsp/\libhal_bsp.a(alt_isatty.o)
                0x00000000008063f0                isatty
 .text          0x0000000000806494       0xec ../pacemaker_bsp/\libhal_bsp.a(alt_load.o)
                0x00000000008064fc                alt_load
 .text          0x0000000000806580      0x110 ../pacemaker_bsp/\libhal_bsp.a(alt_lseek.o)
                0x00000000008065bc                lseek
 .text          0x0000000000806690       0x7c ../pacemaker_bsp/\libhal_bsp.a(alt_main.o)
                0x0000000000806690                alt_main
 .text          0x000000000080670c       0x48 ../pacemaker_bsp/\libhal_bsp.a(alt_malloc_lock.o)
                0x000000000080670c                __malloc_lock
                0x0000000000806730                __malloc_unlock
 .text          0x0000000000806754      0x138 ../pacemaker_bsp/\libhal_bsp.a(alt_read.o)
                0x0000000000806790                read
 .text          0x000000000080688c       0x64 ../pacemaker_bsp/\libhal_bsp.a(alt_release_fd.o)
                0x000000000080688c                alt_release_fd
 .text          0x00000000008068f0       0xb0 ../pacemaker_bsp/\libhal_bsp.a(alt_sbrk.o)
                0x00000000008068f0                sbrk
 .text          0x00000000008069a0      0x1a4 ../pacemaker_bsp/\libhal_bsp.a(alt_tick.o)
                0x00000000008069a0                alt_alarm_stop
                0x0000000000806a3c                alt_tick
 .text          0x0000000000806b44      0x134 ../pacemaker_bsp/\libhal_bsp.a(alt_write.o)
                0x0000000000806b80                write
 .text          0x0000000000806c78      0x104 ../pacemaker_bsp/\libhal_bsp.a(alt_sys_init.o)
                0x0000000000806cac                alt_irq_init
                0x0000000000806ce4                alt_sys_init
 .text          0x0000000000806d7c      0x164 ../pacemaker_bsp/\libhal_bsp.a(altera_avalon_jtag_uart_fd.o)
                0x0000000000806d7c                altera_avalon_jtag_uart_read_fd
                0x0000000000806ddc                altera_avalon_jtag_uart_write_fd
                0x0000000000806e3c                altera_avalon_jtag_uart_close_fd
                0x0000000000806e8c                altera_avalon_jtag_uart_ioctl_fd
 .text          0x0000000000806ee0      0x3d4 ../pacemaker_bsp/\libhal_bsp.a(altera_avalon_jtag_uart_init.o)
                0x0000000000806ee0                altera_avalon_jtag_uart_init
                0x000000000080724c                altera_avalon_jtag_uart_close
 .text          0x00000000008072b4       0xf0 ../pacemaker_bsp/\libhal_bsp.a(altera_avalon_jtag_uart_ioctl.o)
                0x00000000008072b4                altera_avalon_jtag_uart_ioctl
 .text          0x00000000008073a4      0x21c ../pacemaker_bsp/\libhal_bsp.a(altera_avalon_jtag_uart_read.o)
                0x00000000008073a4                altera_avalon_jtag_uart_read
 .text          0x00000000008075c0      0x224 ../pacemaker_bsp/\libhal_bsp.a(altera_avalon_jtag_uart_write.o)
                0x00000000008075c0                altera_avalon_jtag_uart_write
 .text          0x00000000008077e4      0xe7c ../pacemaker_bsp/\libhal_bsp.a(altera_avalon_lcd_16207.o)
                0x0000000000807fa8                altera_avalon_lcd_16207_write
                0x000000000080852c                altera_avalon_lcd_16207_init
 .text          0x0000000000808660       0x60 ../pacemaker_bsp/\libhal_bsp.a(altera_avalon_lcd_16207_fd.o)
                0x0000000000808660                altera_avalon_lcd_16207_write_fd
 .text          0x00000000008086c0       0xf4 ../pacemaker_bsp/\libhal_bsp.a(altera_avalon_timer_sc.o)
                0x0000000000808738                alt_avalon_timer_sc_init
 .text          0x00000000008087b4      0x110 ../pacemaker_bsp/\libhal_bsp.a(altera_avalon_uart_fd.o)
                0x00000000008087b4                altera_avalon_uart_read_fd
                0x0000000000808814                altera_avalon_uart_write_fd
                0x0000000000808874                altera_avalon_uart_close_fd
 .text          0x00000000008088c4      0x3c8 ../pacemaker_bsp/\libhal_bsp.a(altera_avalon_uart_init.o)
                0x00000000008088c4                altera_avalon_uart_init
                0x0000000000808c38                altera_avalon_uart_close
 .text          0x0000000000808c8c      0x218 ../pacemaker_bsp/\libhal_bsp.a(altera_avalon_uart_read.o)
                0x0000000000808cc8                altera_avalon_uart_read
 .text          0x0000000000808ea4      0x1e8 ../pacemaker_bsp/\libhal_bsp.a(altera_avalon_uart_write.o)
                0x0000000000808ee0                altera_avalon_uart_write
 .text          0x000000000080908c       0x48 ../pacemaker_bsp/\libhal_bsp.a(alt_dcache_flush_all.o)
                0x000000000080908c                alt_dcache_flush_all
 .text          0x00000000008090d4       0xe0 ../pacemaker_bsp/\libhal_bsp.a(alt_dev_llist_insert.o)
                0x0000000000809110                alt_dev_llist_insert
 .text          0x00000000008091b4       0x60 ../pacemaker_bsp/\libhal_bsp.a(alt_do_ctors.o)
                0x00000000008091b4                _do_ctors
 .text          0x0000000000809214       0x60 ../pacemaker_bsp/\libhal_bsp.a(alt_do_dtors.o)
                0x0000000000809214                _do_dtors
 .text          0x0000000000809274       0x34 ../pacemaker_bsp/\libhal_bsp.a(alt_icache_flush_all.o)
                0x0000000000809274                alt_icache_flush_all
 .text          0x00000000008092a8      0x1b0 ../pacemaker_bsp/\libhal_bsp.a(alt_iic.o)
                0x00000000008092a8                alt_ic_isr_register
                0x00000000008092f8                alt_ic_irq_enable
                0x0000000000809380                alt_ic_irq_disable
                0x000000000080940c                alt_ic_irq_enabled
 .text          0x0000000000809458       0xf0 ../pacemaker_bsp/\libhal_bsp.a(alt_iic_isr_register.o)
                0x0000000000809458                alt_iic_isr_register
 .text          0x0000000000809548      0x140 ../pacemaker_bsp/\libhal_bsp.a(alt_io_redirect.o)
                0x000000000080960c                alt_io_redirect
 .text          0x0000000000809688        0x0 ../pacemaker_bsp/\libhal_bsp.a(alt_irq_entry.o)
 .text          0x0000000000809688        0x0 ../pacemaker_bsp/\libhal_bsp.a(alt_irq_handler.o)
 .text          0x0000000000809688        0x0 ../pacemaker_bsp/\libhal_bsp.a(alt_irq_vars.o)
 .text          0x0000000000809688      0x254 ../pacemaker_bsp/\libhal_bsp.a(alt_open.o)
                0x0000000000809788                open
 .text          0x00000000008098dc       0x30 ../pacemaker_bsp/\libhal_bsp.a(alt_usleep.o)
                0x00000000008098dc                usleep
 .text          0x000000000080990c       0x24 ../pacemaker_bsp/\libhal_bsp.a(altera_nios2_gen2_irq.o)
                0x000000000080990c                altera_nios2_gen2_irq_init
 .text          0x0000000000809930      0x158 ../pacemaker_bsp/\libhal_bsp.a(alt_busy_sleep.o)
                0x0000000000809930                alt_busy_sleep
 .text          0x0000000000809a88        0x0 ../pacemaker_bsp/\libhal_bsp.a(alt_exception_entry.o)
 .text          0x0000000000809a88       0x90 ../pacemaker_bsp/\libhal_bsp.a(alt_find_dev.o)
                0x0000000000809a88                alt_find_dev
 .text          0x0000000000809b18      0x108 ../pacemaker_bsp/\libhal_bsp.a(alt_find_file.o)
                0x0000000000809b18                alt_find_file
 .text          0x0000000000809c20       0xa4 ../pacemaker_bsp/\libhal_bsp.a(alt_get_fd.o)
                0x0000000000809c20                alt_get_fd
 .text          0x0000000000809cc4       0x90 ../pacemaker_bsp/\libhal_bsp.a(alt_icache_flush.o)
                0x0000000000809cc4                alt_icache_flush
 .text          0x0000000000809d54       0x9c ../pacemaker_bsp/\libhal_bsp.a(alt_instruction_exception_entry.o)
                0x0000000000809d54                alt_exception_cause_generated_bad_addr
 .text          0x0000000000809df0        0x0 c:/intelfpga/16.1/nios2eds/bin/gnu/h-x86_64-mingw32/bin/../lib/gcc/nios2-elf/5.3.0/../../../../../H-x86_64-mingw32/nios2-elf/lib\libc.a(lib_a-atexit.o)
 .text.atexit   0x0000000000809df0       0x14 c:/intelfpga/16.1/nios2eds/bin/gnu/h-x86_64-mingw32/bin/../lib/gcc/nios2-elf/5.3.0/../../../../../H-x86_64-mingw32/nios2-elf/lib\libc.a(lib_a-atexit.o)
                0x0000000000809df0                atexit
 .text          0x0000000000809e04        0x0 c:/intelfpga/16.1/nios2eds/bin/gnu/h-x86_64-mingw32/bin/../lib/gcc/nios2-elf/5.3.0/../../../../../H-x86_64-mingw32/nios2-elf/lib\libc.a(lib_a-ctype_.o)
 .text          0x0000000000809e04        0x0 c:/intelfpga/16.1/nios2eds/bin/gnu/h-x86_64-mingw32/bin/../lib/gcc/nios2-elf/5.3.0/../../../../../H-x86_64-mingw32/nios2-elf/lib\libc.a(lib_a-exit.o)
 .text.exit     0x0000000000809e04       0x38 c:/intelfpga/16.1/nios2eds/bin/gnu/h-x86_64-mingw32/bin/../lib/gcc/nios2-elf/5.3.0/../../../../../H-x86_64-mingw32/nios2-elf/lib\libc.a(lib_a-exit.o)
                0x0000000000809e04                exit
 .text          0x0000000000809e3c        0x0 c:/intelfpga/16.1/nios2eds/bin/gnu/h-x86_64-mingw32/bin/../lib/gcc/nios2-elf/5.3.0/../../../../../H-x86_64-mingw32/nios2-elf/lib\libc.a(lib_a-memcmp.o)
 .text.memcmp   0x0000000000809e3c       0x7c c:/intelfpga/16.1/nios2eds/bin/gnu/h-x86_64-mingw32/bin/../lib/gcc/nios2-elf/5.3.0/../../../../../H-x86_64-mingw32/nios2-elf/lib\libc.a(lib_a-memcmp.o)
                0x0000000000809e3c                memcmp
 .text          0x0000000000809eb8        0x0 c:/intelfpga/16.1/nios2eds/bin/gnu/h-x86_64-mingw32/bin/../lib/gcc/nios2-elf/5.3.0/../../../../../H-x86_64-mingw32/nios2-elf/lib\libc.a(lib_a-__atexit.o)
 .text.__register_exitproc
                0x0000000000809eb8      0x118 c:/intelfpga/16.1/nios2eds/bin/gnu/h-x86_64-mingw32/bin/../lib/gcc/nios2-elf/5.3.0/../../../../../H-x86_64-mingw32/nios2-elf/lib\libc.a(lib_a-__atexit.o)
                0x0000000000809eb8                __register_exitproc
 .text          0x0000000000809fd0        0x0 c:/intelfpga/16.1/nios2eds/bin/gnu/h-x86_64-mingw32/bin/../lib/gcc/nios2-elf/5.3.0/../../../../../H-x86_64-mingw32/nios2-elf/lib\libc.a(lib_a-__call_atexit.o)
 .text.__call_exitprocs
                0x0000000000809fd0      0x180 c:/intelfpga/16.1/nios2eds/bin/gnu/h-x86_64-mingw32/bin/../lib/gcc/nios2-elf/5.3.0/../../../../../H-x86_64-mingw32/nios2-elf/lib\libc.a(lib_a-__call_atexit.o)
                0x0000000000809fd0                __call_exitprocs
 .text          0x000000000080a150       0x34 ../pacemaker_bsp/\libhal_bsp.a(alt_exit.o)
                0x000000000080a150                _exit
 *(.gnu.warning.*)
 *(.fini)
                [!provide]                        PROVIDE (__etext, ABSOLUTE (.))
                [!provide]                        PROVIDE (_etext, ABSOLUTE (.))
                [!provide]                        PROVIDE (etext, ABSOLUTE (.))
 *(.eh_frame_hdr)
                0x000000000080a184                . = ALIGN (0x4)
                [!provide]                        PROVIDE (__preinit_array_start, ABSOLUTE (.))
 *(.preinit_array)
                [!provide]                        PROVIDE (__preinit_array_end, ABSOLUTE (.))
                [!provide]                        PROVIDE (__init_array_start, ABSOLUTE (.))
 *(.init_array)
                [!provide]                        PROVIDE (__init_array_end, ABSOLUTE (.))
                [!provide]                        PROVIDE (__fini_array_start, ABSOLUTE (.))
 *(.fini_array)
                [!provide]                        PROVIDE (__fini_array_end, ABSOLUTE (.))
 *(.eh_frame)
 *(.gcc_except_table .gcc_except_table.*)
 *(.dynamic)
                0x000000000080a184                PROVIDE (__CTOR_LIST__, ABSOLUTE (.))
 *(.ctors)
 *(SORT(.ctors.*))
                0x000000000080a184                PROVIDE (__CTOR_END__, ABSOLUTE (.))
                0x000000000080a184                PROVIDE (__DTOR_LIST__, ABSOLUTE (.))
 *(.dtors)
 *(SORT(.dtors.*))
                0x000000000080a184                PROVIDE (__DTOR_END__, ABSOLUTE (.))
 *(.jcr)
                0x000000000080a184                . = ALIGN (0x4)

.rodata         0x000000000080a184      0x2d4
                0x000000000080a184                PROVIDE (__ram_rodata_start, ABSOLUTE (.))
                0x000000000080a184                . = ALIGN (0x4)
 *(.rodata .rodata.* .gnu.linkonce.r.*)
 .rodata        0x000000000080a184        0x7 obj/default/main.o
 *fill*         0x000000000080a18b        0x1 
 .rodata.str1.4
                0x000000000080a18c        0x2 c:/intelfpga/16.1/nios2eds/bin/gnu/h-x86_64-mingw32/bin/../lib/gcc/nios2-elf/5.3.0/../../../../../H-x86_64-mingw32/nios2-elf/lib\libc.a(lib_a-puts.o)
 *fill*         0x000000000080a18e        0x2 
 .rodata.str1.4
                0x000000000080a190        0x4 c:/intelfpga/16.1/nios2eds/bin/gnu/h-x86_64-mingw32/bin/../lib/gcc/nios2-elf/5.3.0/../../../../../H-x86_64-mingw32/nios2-elf/lib\libc.a(lib_a-impure.o)
                                          0x2 (size before relaxing)
 .rodata        0x000000000080a194        0xa ../pacemaker_bsp/\libhal_bsp.a(alt_dev.o)
 *fill*         0x000000000080a19e        0x2 
 .rodata        0x000000000080a1a0        0xf ../pacemaker_bsp/\libhal_bsp.a(alt_main.o)
 *fill*         0x000000000080a1af        0x1 
 .rodata        0x000000000080a1b0       0x26 ../pacemaker_bsp/\libhal_bsp.a(alt_sys_init.o)
 .rodata._ctype_
                0x000000000080a1d6      0x101 c:/intelfpga/16.1/nios2eds/bin/gnu/h-x86_64-mingw32/bin/../lib/gcc/nios2-elf/5.3.0/../../../../../H-x86_64-mingw32/nios2-elf/lib\libc.a(lib_a-ctype_.o)
                0x000000000080a1d6                _ctype_
 .rodata._ctype_b
                0x000000000080a2d7      0x180 c:/intelfpga/16.1/nios2eds/bin/gnu/h-x86_64-mingw32/bin/../lib/gcc/nios2-elf/5.3.0/../../../../../H-x86_64-mingw32/nios2-elf/lib\libc.a(lib_a-ctype_.o)
 *(.rodata1)
                0x000000000080a458                . = ALIGN (0x4)
 *fill*         0x000000000080a457        0x1 
                0x000000000080a458                PROVIDE (__ram_rodata_end, ABSOLUTE (.))
                0x000000000080a184                PROVIDE (__flash_rodata_start, LOADADDR (.rodata))

.rwdata         0x000000000080a458     0x1c58 load address 0x000000000080c0b0
                0x000000000080a458                PROVIDE (__ram_rwdata_start, ABSOLUTE (.))
                0x000000000080a458                . = ALIGN (0x4)
 *(.got.plt)
 *(.got)
 *(.data1)
 *(.data .data.* .gnu.linkonce.d.*)
 .data          0x000000000080a458        0x0 ../pacemaker_bsp//obj/HAL/src/crt0.o
 .data          0x000000000080a458        0x0 obj/default/main.o
 .data          0x000000000080a458        0x0 obj/default/pacemaker.o
 .data          0x000000000080a458        0x0 c:/intelfpga/16.1/nios2eds/bin/gnu/h-x86_64-mingw32/bin/../lib/gcc/nios2-elf/5.3.0/../../../../../H-x86_64-mingw32/nios2-elf/lib\libc.a(lib_a-puts.o)
 .data          0x000000000080a458        0x0 c:/intelfpga/16.1/nios2eds/bin/gnu/h-x86_64-mingw32/bin/../lib/gcc/nios2-elf/5.3.0/../../../../../H-x86_64-mingw32/nios2-elf/lib\libc.a(lib_a-strlen.o)
 .data          0x000000000080a458        0x0 c:/intelfpga/16.1/nios2eds/bin/gnu/h-x86_64-mingw32/bin/../lib/gcc/nios2-elf/5.3.0/../../../../../H-x86_64-mingw32/nios2-elf/lib\libc.a(lib_a-findfp.o)
 .data          0x000000000080a458        0x0 c:/intelfpga/16.1/nios2eds/bin/gnu/h-x86_64-mingw32/bin/../lib/gcc/nios2-elf/5.3.0/../../../../../H-x86_64-mingw32/nios2-elf/lib\libc.a(lib_a-fvwrite.o)
 .data          0x000000000080a458        0x0 c:/intelfpga/16.1/nios2eds/bin/gnu/h-x86_64-mingw32/bin/../lib/gcc/nios2-elf/5.3.0/../../../../../H-x86_64-mingw32/nios2-elf/lib\libc.a(lib_a-fwalk.o)
 .data          0x000000000080a458        0x0 c:/intelfpga/16.1/nios2eds/bin/gnu/h-x86_64-mingw32/bin/../lib/gcc/nios2-elf/5.3.0/../../../../../H-x86_64-mingw32/nios2-elf/lib\libc.a(lib_a-impure.o)
 .data.impure_data
                0x000000000080a458      0x424 c:/intelfpga/16.1/nios2eds/bin/gnu/h-x86_64-mingw32/bin/../lib/gcc/nios2-elf/5.3.0/../../../../../H-x86_64-mingw32/nios2-elf/lib\libc.a(lib_a-impure.o)
 .data          0x000000000080a87c        0x0 c:/intelfpga/16.1/nios2eds/bin/gnu/h-x86_64-mingw32/bin/../lib/gcc/nios2-elf/5.3.0/../../../../../H-x86_64-mingw32/nios2-elf/lib\libc.a(lib_a-mallocr.o)
 .data.__malloc_av_
                0x000000000080a87c      0x408 c:/intelfpga/16.1/nios2eds/bin/gnu/h-x86_64-mingw32/bin/../lib/gcc/nios2-elf/5.3.0/../../../../../H-x86_64-mingw32/nios2-elf/lib\libc.a(lib_a-mallocr.o)
                0x000000000080a87c                __malloc_av_
 .data          0x000000000080ac84        0x0 c:/intelfpga/16.1/nios2eds/bin/gnu/h-x86_64-mingw32/bin/../lib/gcc/nios2-elf/5.3.0/../../../../../H-x86_64-mingw32/nios2-elf/lib\libc.a(lib_a-memchr.o)
 .data          0x000000000080ac84        0x0 c:/intelfpga/16.1/nios2eds/bin/gnu/h-x86_64-mingw32/bin/../lib/gcc/nios2-elf/5.3.0/../../../../../H-x86_64-mingw32/nios2-elf/lib\libc.a(lib_a-memcpy.o)
 .data          0x000000000080ac84        0x0 c:/intelfpga/16.1/nios2eds/bin/gnu/h-x86_64-mingw32/bin/../lib/gcc/nios2-elf/5.3.0/../../../../../H-x86_64-mingw32/nios2-elf/lib\libc.a(lib_a-memmove.o)
 .data          0x000000000080ac84        0x0 c:/intelfpga/16.1/nios2eds/bin/gnu/h-x86_64-mingw32/bin/../lib/gcc/nios2-elf/5.3.0/../../../../../H-x86_64-mingw32/nios2-elf/lib\libc.a(lib_a-memset.o)
 .data          0x000000000080ac84        0x0 c:/intelfpga/16.1/nios2eds/bin/gnu/h-x86_64-mingw32/bin/../lib/gcc/nios2-elf/5.3.0/../../../../../H-x86_64-mingw32/nios2-elf/lib\libc.a(lib_a-reallocr.o)
 .data          0x000000000080ac84        0x0 c:/intelfpga/16.1/nios2eds/bin/gnu/h-x86_64-mingw32/bin/../lib/gcc/nios2-elf/5.3.0/../../../../../H-x86_64-mingw32/nios2-elf/lib\libc.a(lib_a-sbrkr.o)
 .data          0x000000000080ac84        0x0 c:/intelfpga/16.1/nios2eds/bin/gnu/h-x86_64-mingw32/bin/../lib/gcc/nios2-elf/5.3.0/../../../../../H-x86_64-mingw32/nios2-elf/lib\libc.a(lib_a-stdio.o)
 .data          0x000000000080ac84        0x0 c:/intelfpga/16.1/nios2eds/bin/gnu/h-x86_64-mingw32/bin/../lib/gcc/nios2-elf/5.3.0/../../../../../H-x86_64-mingw32/nios2-elf/lib\libc.a(lib_a-writer.o)
 .data          0x000000000080ac84        0x0 c:/intelfpga/16.1/nios2eds/bin/gnu/h-x86_64-mingw32/bin/../lib/gcc/nios2-elf/5.3.0/../../../../../H-x86_64-mingw32/nios2-elf/lib\libc.a(lib_a-wsetup.o)
 .data          0x000000000080ac84        0x0 c:/intelfpga/16.1/nios2eds/bin/gnu/h-x86_64-mingw32/bin/../lib/gcc/nios2-elf/5.3.0/../../../../../H-x86_64-mingw32/nios2-elf/lib\libc.a(closer.o)
 .data          0x000000000080ac84        0x0 c:/intelfpga/16.1/nios2eds/bin/gnu/h-x86_64-mingw32/bin/../lib/gcc/nios2-elf/5.3.0/../../../../../H-x86_64-mingw32/nios2-elf/lib\libc.a(lib_a-fclose.o)
 .data          0x000000000080ac84        0x0 c:/intelfpga/16.1/nios2eds/bin/gnu/h-x86_64-mingw32/bin/../lib/gcc/nios2-elf/5.3.0/../../../../../H-x86_64-mingw32/nios2-elf/lib\libc.a(lib_a-fflush.o)
 .data          0x000000000080ac84        0x0 c:/intelfpga/16.1/nios2eds/bin/gnu/h-x86_64-mingw32/bin/../lib/gcc/nios2-elf/5.3.0/../../../../../H-x86_64-mingw32/nios2-elf/lib\libc.a(lib_a-freer.o)
 .data          0x000000000080ac84        0x0 c:/intelfpga/16.1/nios2eds/bin/gnu/h-x86_64-mingw32/bin/../lib/gcc/nios2-elf/5.3.0/../../../../../H-x86_64-mingw32/nios2-elf/lib\libc.a(lib_a-int_errno.o)
 .data          0x000000000080ac84        0x0 c:/intelfpga/16.1/nios2eds/bin/gnu/h-x86_64-mingw32/bin/../lib/gcc/nios2-elf/5.3.0/../../../../../H-x86_64-mingw32/nios2-elf/lib\libc.a(lib_a-lseekr.o)
 .data          0x000000000080ac84        0x0 c:/intelfpga/16.1/nios2eds/bin/gnu/h-x86_64-mingw32/bin/../lib/gcc/nios2-elf/5.3.0/../../../../../H-x86_64-mingw32/nios2-elf/lib\libc.a(lib_a-makebuf.o)
 .data          0x000000000080ac84        0x0 c:/intelfpga/16.1/nios2eds/bin/gnu/h-x86_64-mingw32/bin/../lib/gcc/nios2-elf/5.3.0/../../../../../H-x86_64-mingw32/nios2-elf/lib\libc.a(lib_a-readr.o)
 .data          0x000000000080ac84        0x0 c:/intelfpga/16.1/nios2eds/bin/gnu/h-x86_64-mingw32/bin/../lib/gcc/nios2-elf/5.3.0/../../../../../H-x86_64-mingw32/nios2-elf/lib\libc.a(lib_a-fstatr.o)
 .data          0x000000000080ac84        0x0 c:/intelfpga/16.1/nios2eds/bin/gnu/h-x86_64-mingw32/bin/../lib/gcc/nios2-elf/5.3.0/../../../../../H-x86_64-mingw32/nios2-elf/lib\libc.a(lib_a-isattyr.o)
 .data          0x000000000080ac84        0x0 c:/intelfpga/16.1/nios2eds/bin/gnu/h-x86_64-mingw32/bin/../lib/gcc/nios2-elf/5.3.0\libgcc.a(lib2-divmod.o)
 .data          0x000000000080ac84        0x0 ../pacemaker_bsp/\libhal_bsp.a(alt_alarm_start.o)
 .data          0x000000000080ac84        0x0 ../pacemaker_bsp/\libhal_bsp.a(alt_close.o)
 .data          0x000000000080ac84      0x1a8 ../pacemaker_bsp/\libhal_bsp.a(alt_dev.o)
                0x000000000080ac84                alt_dev_null
                0x000000000080acac                alt_fd_list
 .data          0x000000000080ae2c        0x0 ../pacemaker_bsp/\libhal_bsp.a(alt_errno.o)
 .data          0x000000000080ae2c        0x0 ../pacemaker_bsp/\libhal_bsp.a(alt_fstat.o)
 .data          0x000000000080ae2c        0x0 ../pacemaker_bsp/\libhal_bsp.a(alt_isatty.o)
 .data          0x000000000080ae2c        0x0 ../pacemaker_bsp/\libhal_bsp.a(alt_load.o)
 .data          0x000000000080ae2c        0x0 ../pacemaker_bsp/\libhal_bsp.a(alt_lseek.o)
 .data          0x000000000080ae2c        0x0 ../pacemaker_bsp/\libhal_bsp.a(alt_main.o)
 .data          0x000000000080ae2c        0x0 ../pacemaker_bsp/\libhal_bsp.a(alt_malloc_lock.o)
 .data          0x000000000080ae2c        0x0 ../pacemaker_bsp/\libhal_bsp.a(alt_read.o)
 .data          0x000000000080ae2c        0x0 ../pacemaker_bsp/\libhal_bsp.a(alt_release_fd.o)
 .data          0x000000000080ae2c        0x0 ../pacemaker_bsp/\libhal_bsp.a(alt_sbrk.o)
 .data          0x000000000080ae2c        0x0 ../pacemaker_bsp/\libhal_bsp.a(alt_tick.o)
 .data          0x000000000080ae2c        0x0 ../pacemaker_bsp/\libhal_bsp.a(alt_write.o)
 .data          0x000000000080ae2c     0x1244 ../pacemaker_bsp/\libhal_bsp.a(alt_sys_init.o)
 .data          0x000000000080c070        0x0 ../pacemaker_bsp/\libhal_bsp.a(altera_avalon_jtag_uart_fd.o)
 .data          0x000000000080c070        0x0 ../pacemaker_bsp/\libhal_bsp.a(altera_avalon_jtag_uart_init.o)
 .data          0x000000000080c070        0x0 ../pacemaker_bsp/\libhal_bsp.a(altera_avalon_jtag_uart_ioctl.o)
 .data          0x000000000080c070        0x0 ../pacemaker_bsp/\libhal_bsp.a(altera_avalon_jtag_uart_read.o)
 .data          0x000000000080c070        0x0 ../pacemaker_bsp/\libhal_bsp.a(altera_avalon_jtag_uart_write.o)
 .data          0x000000000080c070        0x0 ../pacemaker_bsp/\libhal_bsp.a(altera_avalon_lcd_16207.o)
 .data          0x000000000080c070        0x0 ../pacemaker_bsp/\libhal_bsp.a(altera_avalon_lcd_16207_fd.o)
 .data          0x000000000080c070        0x0 ../pacemaker_bsp/\libhal_bsp.a(altera_avalon_timer_sc.o)
 .data          0x000000000080c070        0x0 ../pacemaker_bsp/\libhal_bsp.a(altera_avalon_uart_fd.o)
 .data          0x000000000080c070        0x0 ../pacemaker_bsp/\libhal_bsp.a(altera_avalon_uart_init.o)
 .data          0x000000000080c070        0x0 ../pacemaker_bsp/\libhal_bsp.a(altera_avalon_uart_read.o)
 .data          0x000000000080c070        0x0 ../pacemaker_bsp/\libhal_bsp.a(altera_avalon_uart_write.o)
 .data          0x000000000080c070        0x0 ../pacemaker_bsp/\libhal_bsp.a(alt_dcache_flush_all.o)
 .data          0x000000000080c070        0x0 ../pacemaker_bsp/\libhal_bsp.a(alt_dev_llist_insert.o)
 .data          0x000000000080c070        0x0 ../pacemaker_bsp/\libhal_bsp.a(alt_do_ctors.o)
 .data          0x000000000080c070        0x0 ../pacemaker_bsp/\libhal_bsp.a(alt_do_dtors.o)
 .data          0x000000000080c070        0x0 ../pacemaker_bsp/\libhal_bsp.a(alt_icache_flush_all.o)
 .data          0x000000000080c070        0x0 ../pacemaker_bsp/\libhal_bsp.a(alt_iic.o)
 .data          0x000000000080c070        0x0 ../pacemaker_bsp/\libhal_bsp.a(alt_iic_isr_register.o)
 .data          0x000000000080c070        0x0 ../pacemaker_bsp/\libhal_bsp.a(alt_io_redirect.o)
 .data          0x000000000080c070        0x0 ../pacemaker_bsp/\libhal_bsp.a(alt_irq_entry.o)
 .data          0x000000000080c070        0x0 ../pacemaker_bsp/\libhal_bsp.a(alt_irq_handler.o)
 .data          0x000000000080c070        0x0 ../pacemaker_bsp/\libhal_bsp.a(alt_irq_vars.o)
 .data          0x000000000080c070        0x0 ../pacemaker_bsp/\libhal_bsp.a(alt_open.o)
 .data          0x000000000080c070        0x0 ../pacemaker_bsp/\libhal_bsp.a(alt_usleep.o)
 .data          0x000000000080c070        0x0 ../pacemaker_bsp/\libhal_bsp.a(altera_nios2_gen2_irq.o)
 .data          0x000000000080c070        0x0 ../pacemaker_bsp/\libhal_bsp.a(alt_busy_sleep.o)
 .data          0x000000000080c070        0x0 ../pacemaker_bsp/\libhal_bsp.a(alt_exception_entry.o)
 .data          0x000000000080c070        0x0 ../pacemaker_bsp/\libhal_bsp.a(alt_find_dev.o)
 .data          0x000000000080c070        0x0 ../pacemaker_bsp/\libhal_bsp.a(alt_find_file.o)
 .data          0x000000000080c070        0x0 ../pacemaker_bsp/\libhal_bsp.a(alt_get_fd.o)
 .data          0x000000000080c070        0x0 ../pacemaker_bsp/\libhal_bsp.a(alt_icache_flush.o)
 .data          0x000000000080c070        0x0 ../pacemaker_bsp/\libhal_bsp.a(alt_instruction_exception_entry.o)
 .data          0x000000000080c070        0x0 c:/intelfpga/16.1/nios2eds/bin/gnu/h-x86_64-mingw32/bin/../lib/gcc/nios2-elf/5.3.0/../../../../../H-x86_64-mingw32/nios2-elf/lib\libc.a(lib_a-atexit.o)
 .data          0x000000000080c070        0x0 c:/intelfpga/16.1/nios2eds/bin/gnu/h-x86_64-mingw32/bin/../lib/gcc/nios2-elf/5.3.0/../../../../../H-x86_64-mingw32/nios2-elf/lib\libc.a(lib_a-ctype_.o)
 .data          0x000000000080c070        0x0 c:/intelfpga/16.1/nios2eds/bin/gnu/h-x86_64-mingw32/bin/../lib/gcc/nios2-elf/5.3.0/../../../../../H-x86_64-mingw32/nios2-elf/lib\libc.a(lib_a-exit.o)
 .data          0x000000000080c070        0x0 c:/intelfpga/16.1/nios2eds/bin/gnu/h-x86_64-mingw32/bin/../lib/gcc/nios2-elf/5.3.0/../../../../../H-x86_64-mingw32/nios2-elf/lib\libc.a(lib_a-memcmp.o)
 .data          0x000000000080c070        0x0 c:/intelfpga/16.1/nios2eds/bin/gnu/h-x86_64-mingw32/bin/../lib/gcc/nios2-elf/5.3.0/../../../../../H-x86_64-mingw32/nios2-elf/lib\libc.a(lib_a-__atexit.o)
 .data          0x000000000080c070        0x0 c:/intelfpga/16.1/nios2eds/bin/gnu/h-x86_64-mingw32/bin/../lib/gcc/nios2-elf/5.3.0/../../../../../H-x86_64-mingw32/nios2-elf/lib\libc.a(lib_a-__call_atexit.o)
 .data          0x000000000080c070        0x0 ../pacemaker_bsp/\libhal_bsp.a(alt_exit.o)
                0x0000000000814070                _gp = ABSOLUTE ((. + 0x8000))
                [!provide]                        PROVIDE (gp, _gp)
 *(.rwdata .rwdata.*)
 *(.sdata .sdata.* .gnu.linkonce.s.*)
 .sdata._global_impure_ptr
                0x000000000080c070        0x4 c:/intelfpga/16.1/nios2eds/bin/gnu/h-x86_64-mingw32/bin/../lib/gcc/nios2-elf/5.3.0/../../../../../H-x86_64-mingw32/nios2-elf/lib\libc.a(lib_a-impure.o)
                0x000000000080c070                _global_impure_ptr
 .sdata._impure_ptr
                0x000000000080c074        0x4 c:/intelfpga/16.1/nios2eds/bin/gnu/h-x86_64-mingw32/bin/../lib/gcc/nios2-elf/5.3.0/../../../../../H-x86_64-mingw32/nios2-elf/lib\libc.a(lib_a-impure.o)
                0x000000000080c074                _impure_ptr
 .sdata.__malloc_sbrk_base
                0x000000000080c078        0x4 c:/intelfpga/16.1/nios2eds/bin/gnu/h-x86_64-mingw32/bin/../lib/gcc/nios2-elf/5.3.0/../../../../../H-x86_64-mingw32/nios2-elf/lib\libc.a(lib_a-mallocr.o)
                0x000000000080c078                __malloc_sbrk_base
 .sdata.__malloc_trim_threshold
                0x000000000080c07c        0x4 c:/intelfpga/16.1/nios2eds/bin/gnu/h-x86_64-mingw32/bin/../lib/gcc/nios2-elf/5.3.0/../../../../../H-x86_64-mingw32/nios2-elf/lib\libc.a(lib_a-mallocr.o)
                0x000000000080c07c                __malloc_trim_threshold
 .sdata         0x000000000080c080       0x14 ../pacemaker_bsp/\libhal_bsp.a(alt_dev.o)
                0x000000000080c080                alt_fs_list
                0x000000000080c088                alt_dev_list
                0x000000000080c090                alt_max_fd
 .sdata         0x000000000080c094        0x4 ../pacemaker_bsp/\libhal_bsp.a(alt_errno.o)
                0x000000000080c094                alt_errno
 .sdata         0x000000000080c098        0x4 ../pacemaker_bsp/\libhal_bsp.a(alt_sbrk.o)
 .sdata         0x000000000080c09c        0x8 ../pacemaker_bsp/\libhal_bsp.a(alt_tick.o)
                0x000000000080c09c                alt_alarm_list
 .sdata         0x000000000080c0a4        0x4 ../pacemaker_bsp/\libhal_bsp.a(altera_avalon_lcd_16207.o)
 .sdata         0x000000000080c0a8        0x4 ../pacemaker_bsp/\libhal_bsp.a(alt_irq_vars.o)
                0x000000000080c0a8                alt_priority_mask
 .sdata.__ctype_ptr__
                0x000000000080c0ac        0x4 c:/intelfpga/16.1/nios2eds/bin/gnu/h-x86_64-mingw32/bin/../lib/gcc/nios2-elf/5.3.0/../../../../../H-x86_64-mingw32/nios2-elf/lib\libc.a(lib_a-ctype_.o)
                0x000000000080c0ac                __ctype_ptr__
 *(.sdata2 .sdata2.* .gnu.linkonce.s2.*)
                0x000000000080c0b0                . = ALIGN (0x4)
                0x000000000080c0b0                _edata = ABSOLUTE (.)
                [!provide]                        PROVIDE (edata, ABSOLUTE (.))
                0x000000000080c0b0                PROVIDE (__ram_rwdata_end, ABSOLUTE (.))
                0x000000000080c0b0                PROVIDE (__flash_rwdata_start, LOADADDR (.rwdata))

.bss            0x000000000080dd08      0x324
                0x000000000080dd08                __bss_start = ABSOLUTE (.)
                [!provide]                        PROVIDE (__sbss_start, ABSOLUTE (.))
                [!provide]                        PROVIDE (___sbss_start, ABSOLUTE (.))
 *(.dynsbss)
 *(.sbss .sbss.* .gnu.linkonce.sb.*)
 .sbss          0x000000000080dd08       0x10 obj/default/main.o
                0x000000000080dd08                VLED1
                0x000000000080dd0c                VLED2
                0x000000000080dd10                buttonPressed1
                0x000000000080dd14                buttonPressed2
 .sbss          0x000000000080dd18       0x1c obj/default/main.o
                0x000000000080dd18                ap_count
                0x000000000080dd1c                buttonValue
                0x000000000080dd20                buttonValuePrevious
                0x000000000080dd24                ledTimeCount
                0x000000000080dd28                timeCount
                0x000000000080dd2c                vp_count
                0x000000000080dd30                timerContext
 .sbss          0x000000000080dd34      0x171 obj/default/pacemaker.o
                0x000000000080dd34                _cg42
                0x000000000080dd35                g83
                0x000000000080dd36                g40
                0x000000000080dd37                g91
                0x000000000080dd38                g139
                0x000000000080dd39                g113_e6
                0x000000000080dd3a                g4
                0x000000000080dd3b                g108
                0x000000000080dd3c                g19
                0x000000000080dd3d                g152
                0x000000000080dd3e                g111
                0x000000000080dd3f                g137_e2
                0x000000000080dd40                g160
                0x000000000080dd41                g60b
                0x000000000080dd44                t_lri
                0x000000000080dd48                g55
                0x000000000080dd49                g27
                0x000000000080dd4a                _cg116
                0x000000000080dd4c                to_lri
                0x000000000080dd50                g153
                0x000000000080dd51                g112
                0x000000000080dd52                g78b
                0x000000000080dd53                g3
                0x000000000080dd54                g146
                0x000000000080dd55                g103
                0x000000000080dd56                g47
                0x000000000080dd57                g85
                0x000000000080dd58                g42
                0x000000000080dd59                LRI_p
                0x000000000080dd5a                g9
                0x000000000080dd5b                g127
                0x000000000080dd5c                g34b
                0x000000000080dd5d                _cg125
                0x000000000080dd5e                _cg7
                0x000000000080dd60                _PRE_GO
                0x000000000080dd64                PRE_g3
                0x000000000080dd65                g145
                0x000000000080dd66                g102
                0x000000000080dd67                g140
                0x000000000080dd68                g156
                0x000000000080dd69                g115
                0x000000000080dd6c                t_aei
                0x000000000080dd70                _cg123
                0x000000000080dd71                _trig6
                0x000000000080dd72                g87
                0x000000000080dd73                g44
                0x000000000080dd74                g150
                0x000000000080dd75                g123
                0x000000000080dd76                _cg8
                0x000000000080dd77                g92
                0x000000000080dd78                g1
                0x000000000080dd79                g61
                0x000000000080dd7a                g135
                0x000000000080dd7b                g71
                0x000000000080dd7c                _cg153
                0x000000000080dd7d                LRI
                0x000000000080dd7e                g35_e2
                0x000000000080dd7f                g126
                0x000000000080dd80                g150_e2
                0x000000000080dd81                g82
                0x000000000080dd82                g93_e1
                0x000000000080dd83                _cg98
                0x000000000080dd84                g12
                0x000000000080dd85                g97
                0x000000000080dd86                g52
                0x000000000080dd88                to_uri
                0x000000000080dd8c                g99_e2
                0x000000000080dd8d                g54_e2
                0x000000000080dd8e                _cg85
                0x000000000080dd8f                g17
                0x000000000080dd90                PRE_g77
                0x000000000080dd91                g76
                0x000000000080dd92                g31
                0x000000000080dd93                g37
                0x000000000080dd94                g149b
                0x000000000080dd95                _cg149
                0x000000000080dd96                g62
                0x000000000080dd97                g84
                0x000000000080dd98                g41
                0x000000000080dd99                g159
                0x000000000080dd9a                g118
                0x000000000080dd9b                PRE_g40
                0x000000000080dd9c                PRE_g49
                0x000000000080dd9d                _trig3
                0x000000000080dd9e                g24_e2
                0x000000000080dd9f                AVI_p
                0x000000000080dda0                PRE_g94
                0x000000000080dda1                _cg34
                0x000000000080dda2                g18
                0x000000000080dda3                ap
                0x000000000080dda4                PRE_g81
                0x000000000080dda5                g73_e1
                0x000000000080dda6                PRE_g104
                0x000000000080dda7                PRE_g10
                0x000000000080dda8                g132
                0x000000000080dda9                g68_e4
                0x000000000080ddaa                g48
                0x000000000080ddac                t_vrp
                0x000000000080ddb0                _cg111
                0x000000000080ddb1                g38
                0x000000000080ddb2                g148
                0x000000000080ddb3                g105
                0x000000000080ddb4                g158
                0x000000000080ddb5                g117
                0x000000000080ddb6                _cg20
                0x000000000080ddb7                _cg118
                0x000000000080ddb8                _cg82
                0x000000000080ddb9                URI_p
                0x000000000080ddba                _cg28
                0x000000000080ddbb                g64
                0x000000000080ddbc                g21
                0x000000000080ddbd                _trig
                0x000000000080ddbe                URI
                0x000000000080ddbf                g139_e7
                0x000000000080ddc0                _cg107
                0x000000000080ddc4                t_avi
                0x000000000080ddc8                g79
                0x000000000080ddc9                g34
                0x000000000080ddca                g5
                0x000000000080ddcb                g94
                0x000000000080ddcc                g151
                0x000000000080ddcd                g110
                0x000000000080ddce                g49
                0x000000000080ddcf                g2
                0x000000000080ddd0                g7
                0x000000000080ddd1                _cg53
                0x000000000080ddd2                _cg16
                0x000000000080ddd3                PRE_g101
                0x000000000080ddd4                g80
                0x000000000080ddd5                g128
                0x000000000080ddd6                AVI
                0x000000000080ddd7                _trig4
                0x000000000080ddd8                g136
                0x000000000080ddd9                vp_accept
                0x000000000080ddda                g143
                0x000000000080dddb                g100
                0x000000000080dddc                g136b
                0x000000000080dddd                g59
                0x000000000080ddde                g99
                0x000000000080dddf                g54
                0x000000000080dde0                g66
                0x000000000080dde1                g23
                0x000000000080dde2                g111b
                0x000000000080dde3                _cg44
                0x000000000080dde4                _cg87
                0x000000000080dde5                g48_e1
                0x000000000080dde6                g79_e2
                0x000000000080dde8                t_uri
                0x000000000080ddec                g14
                0x000000000080dded                PRE_g84
                0x000000000080ddee                PRE_g148
                0x000000000080ddef                g144
                0x000000000080ddf0                g101
                0x000000000080ddf1                g155
                0x000000000080ddf2                g114
                0x000000000080ddf3                g56_e3
                0x000000000080ddf4                g56
                0x000000000080ddf5                PRE_g52
                0x000000000080ddf6                g129
                0x000000000080ddf7                g131
                0x000000000080ddf8                PRE_g18
                0x000000000080ddf9                PRE_g6
                0x000000000080ddfa                g78
                0x000000000080ddfb                g33
                0x000000000080ddfc                as
                0x000000000080ddfd                g122
                0x000000000080ddfe                PRE_g22
                0x000000000080ddff                _cg60
                0x000000000080de00                _cg130
                0x000000000080de01                g88_e5
                0x000000000080de02                g159_e8
                0x000000000080de03                g134
                0x000000000080de04                g116b
                0x000000000080de05                _cg136
                0x000000000080de06                g35
                0x000000000080de07                _cg38
                0x000000000080de08                g15
                0x000000000080de09                g90
                0x000000000080de0a                _GO
                0x000000000080de0b                g121b
                0x000000000080de0c                g63
                0x000000000080de0d                g20
                0x000000000080de0e                g60
                0x000000000080de0f                _cg121
                0x000000000080de10                to_aei
                0x000000000080de14                g93
                0x000000000080de15                g119
                0x000000000080de16                AEI
                0x000000000080de17                vs_accept
                0x000000000080de18                _trig2
                0x000000000080de19                g41b
                0x000000000080de1a                PRE_g97
                0x000000000080de1b                g12_e1
                0x000000000080de1c                g86
                0x000000000080de1d                g43
                0x000000000080de20                to_pvarp
                0x000000000080de24                _cg65
                0x000000000080de25                VRP
                0x000000000080de26                _cg11
                0x000000000080de27                g98b
                0x000000000080de28                g36
                0x000000000080de29                g89
                0x000000000080de2a                g46
                0x000000000080de2b                _cg127
                0x000000000080de2c                vs
                0x000000000080de2d                vp
                0x000000000080de2e                g95
                0x000000000080de2f                g50
                0x000000000080de30                g96
                0x000000000080de31                g51
                0x000000000080de32                g138
                0x000000000080de33                PRE_g145
                0x000000000080de34                _cg158
                0x000000000080de35                g107
                0x000000000080de36                PRE_g74
                0x000000000080de37                g154
                0x000000000080de38                g113
                0x000000000080de39                _cg78
                0x000000000080de3c                t_pvarp
                0x000000000080de40                _cg41
                0x000000000080de41                PRE_g61
                0x000000000080de42                ap_accept
                0x000000000080de43                _cg112
                0x000000000080de44                g147
                0x000000000080de45                g104
                0x000000000080de46                g13
                0x000000000080de47                PRE_g115
                0x000000000080de48                g98
                0x000000000080de49                g53
                0x000000000080de4a                g8
                0x000000000080de4b                g57
                0x000000000080de4c                g70
                0x000000000080de4d                _cg47
                0x000000000080de4e                g141
                0x000000000080de4f                g157
                0x000000000080de50                g116
                0x000000000080de51                g6
                0x000000000080de52                _cg19
                0x000000000080de53                g72
                0x000000000080de54                g81
                0x000000000080de55                g29_e1
                0x000000000080de56                PRE_g33
                0x000000000080de57                PRE_g110
                0x000000000080de58                g124
                0x000000000080de59                _cg108
                0x000000000080de5a                g137
                0x000000000080de5b                g0
                0x000000000080de5c                PRE_g120
                0x000000000080de5d                g75
                0x000000000080de5e                g30
                0x000000000080de5f                PRE_g15
                0x000000000080de60                g16
                0x000000000080de61                g58
                0x000000000080de62                g68
                0x000000000080de63                g25
                0x000000000080de64                _trig5
                0x000000000080de65                g142
                0x000000000080de66                g11
                0x000000000080de67                g131_e1
                0x000000000080de68                g65
                0x000000000080de69                g22
                0x000000000080de6a                PRE_g155
                0x000000000080de6b                g28
                0x000000000080de6c                g73
                0x000000000080de6d                AEI_p
                0x000000000080de6e                PRE_g59
                0x000000000080de6f                g16b
                0x000000000080de70                _cg156
                0x000000000080de71                g125
                0x000000000080de72                PRE_g152
                0x000000000080de73                PVARP
                0x000000000080de74                g77
                0x000000000080de75                g32
                0x000000000080de76                g144_e1
                0x000000000080de78                to_avi
                0x000000000080de7c                g88
                0x000000000080de7d                g45
                0x000000000080de7e                _cg23
                0x000000000080de7f                _cg92
                0x000000000080de80                g130
                0x000000000080de81                PRE_g64
                0x000000000080de82                PRE_g30
                0x000000000080de83                g121
                0x000000000080de84                g39
                0x000000000080de85                g120
                0x000000000080de86                g29
                0x000000000080de87                _cg4
                0x000000000080de88                g67
                0x000000000080de89                g24
                0x000000000080de8a                g133
                0x000000000080de8b                g109
                0x000000000080de8c                _cg143
                0x000000000080de8d                g4b
                0x000000000080de8e                _cg67
                0x000000000080de8f                g149
                0x000000000080de90                g106
                0x000000000080de91                PRE_g135
                0x000000000080de92                PRE_g132
                0x000000000080de93                g10
                0x000000000080de94                _cg62
                0x000000000080de95                PRE_g117
                0x000000000080de96                _cg102
                0x000000000080de97                g69
                0x000000000080de98                g26
                0x000000000080de99                as_accept
                0x000000000080de9a                _cg72
                0x000000000080de9b                PRE_g37
                0x000000000080de9c                _cg105
                0x000000000080dea0                to_vrp
                0x000000000080dea4                g74
 *fill*         0x000000000080dea5        0x3 
 .sbss.__malloc_max_total_mem
                0x000000000080dea8        0x4 c:/intelfpga/16.1/nios2eds/bin/gnu/h-x86_64-mingw32/bin/../lib/gcc/nios2-elf/5.3.0/../../../../../H-x86_64-mingw32/nios2-elf/lib\libc.a(lib_a-mallocr.o)
                0x000000000080dea8                __malloc_max_total_mem
 .sbss.__malloc_max_sbrked_mem
                0x000000000080deac        0x4 c:/intelfpga/16.1/nios2eds/bin/gnu/h-x86_64-mingw32/bin/../lib/gcc/nios2-elf/5.3.0/../../../../../H-x86_64-mingw32/nios2-elf/lib\libc.a(lib_a-mallocr.o)
                0x000000000080deac                __malloc_max_sbrked_mem
 .sbss.__malloc_top_pad
                0x000000000080deb0        0x4 c:/intelfpga/16.1/nios2eds/bin/gnu/h-x86_64-mingw32/bin/../lib/gcc/nios2-elf/5.3.0/../../../../../H-x86_64-mingw32/nios2-elf/lib\libc.a(lib_a-mallocr.o)
                0x000000000080deb0                __malloc_top_pad
 .sbss          0x000000000080deb4        0x4 c:/intelfpga/16.1/nios2eds/bin/gnu/h-x86_64-mingw32/bin/../lib/gcc/nios2-elf/5.3.0/../../../../../H-x86_64-mingw32/nios2-elf/lib\libc.a(lib_a-int_errno.o)
                0x000000000080deb4                errno
 .sbss          0x000000000080deb8        0xc ../pacemaker_bsp/\libhal_bsp.a(alt_main.o)
                0x000000000080deb8                alt_argc
                0x000000000080debc                alt_argv
                0x000000000080dec0                alt_envp
 .sbss          0x000000000080dec4        0x8 ../pacemaker_bsp/\libhal_bsp.a(alt_tick.o)
                0x000000000080dec4                _alt_tick_rate
                0x000000000080dec8                _alt_nticks
 .sbss          0x000000000080decc        0x4 ../pacemaker_bsp/\libhal_bsp.a(alt_irq_vars.o)
                0x000000000080decc                alt_irq_active
 .sbss          0x000000000080ded0        0x4 ../pacemaker_bsp/\libhal_bsp.a(alt_instruction_exception_entry.o)
                0x000000000080ded0                alt_instruction_exception_handler
 *(.sbss2 .sbss2.* .gnu.linkonce.sb2.*)
 *(.scommon)
                [!provide]                        PROVIDE (__sbss_end, ABSOLUTE (.))
                [!provide]                        PROVIDE (___sbss_end, ABSOLUTE (.))
 *(.dynbss)
 *(.bss .bss.* .gnu.linkonce.b.*)
 .bss           0x000000000080ded4        0x0 ../pacemaker_bsp//obj/HAL/src/crt0.o
 .bss           0x000000000080ded4        0x0 obj/default/main.o
 .bss           0x000000000080ded4        0x0 obj/default/pacemaker.o
 .bss           0x000000000080ded4        0x0 c:/intelfpga/16.1/nios2eds/bin/gnu/h-x86_64-mingw32/bin/../lib/gcc/nios2-elf/5.3.0/../../../../../H-x86_64-mingw32/nios2-elf/lib\libc.a(lib_a-puts.o)
 .bss           0x000000000080ded4        0x0 c:/intelfpga/16.1/nios2eds/bin/gnu/h-x86_64-mingw32/bin/../lib/gcc/nios2-elf/5.3.0/../../../../../H-x86_64-mingw32/nios2-elf/lib\libc.a(lib_a-strlen.o)
 .bss           0x000000000080ded4        0x0 c:/intelfpga/16.1/nios2eds/bin/gnu/h-x86_64-mingw32/bin/../lib/gcc/nios2-elf/5.3.0/../../../../../H-x86_64-mingw32/nios2-elf/lib\libc.a(lib_a-findfp.o)
 .bss           0x000000000080ded4        0x0 c:/intelfpga/16.1/nios2eds/bin/gnu/h-x86_64-mingw32/bin/../lib/gcc/nios2-elf/5.3.0/../../../../../H-x86_64-mingw32/nios2-elf/lib\libc.a(lib_a-fvwrite.o)
 .bss           0x000000000080ded4        0x0 c:/intelfpga/16.1/nios2eds/bin/gnu/h-x86_64-mingw32/bin/../lib/gcc/nios2-elf/5.3.0/../../../../../H-x86_64-mingw32/nios2-elf/lib\libc.a(lib_a-fwalk.o)
 .bss           0x000000000080ded4        0x0 c:/intelfpga/16.1/nios2eds/bin/gnu/h-x86_64-mingw32/bin/../lib/gcc/nios2-elf/5.3.0/../../../../../H-x86_64-mingw32/nios2-elf/lib\libc.a(lib_a-impure.o)
 .bss           0x000000000080ded4        0x0 c:/intelfpga/16.1/nios2eds/bin/gnu/h-x86_64-mingw32/bin/../lib/gcc/nios2-elf/5.3.0/../../../../../H-x86_64-mingw32/nios2-elf/lib\libc.a(lib_a-mallocr.o)
 .bss.__malloc_current_mallinfo
                0x000000000080ded4       0x28 c:/intelfpga/16.1/nios2eds/bin/gnu/h-x86_64-mingw32/bin/../lib/gcc/nios2-elf/5.3.0/../../../../../H-x86_64-mingw32/nios2-elf/lib\libc.a(lib_a-mallocr.o)
                0x000000000080ded4                __malloc_current_mallinfo
 .bss           0x000000000080defc        0x0 c:/intelfpga/16.1/nios2eds/bin/gnu/h-x86_64-mingw32/bin/../lib/gcc/nios2-elf/5.3.0/../../../../../H-x86_64-mingw32/nios2-elf/lib\libc.a(lib_a-memchr.o)
 .bss           0x000000000080defc        0x0 c:/intelfpga/16.1/nios2eds/bin/gnu/h-x86_64-mingw32/bin/../lib/gcc/nios2-elf/5.3.0/../../../../../H-x86_64-mingw32/nios2-elf/lib\libc.a(lib_a-memcpy.o)
 .bss           0x000000000080defc        0x0 c:/intelfpga/16.1/nios2eds/bin/gnu/h-x86_64-mingw32/bin/../lib/gcc/nios2-elf/5.3.0/../../../../../H-x86_64-mingw32/nios2-elf/lib\libc.a(lib_a-memmove.o)
 .bss           0x000000000080defc        0x0 c:/intelfpga/16.1/nios2eds/bin/gnu/h-x86_64-mingw32/bin/../lib/gcc/nios2-elf/5.3.0/../../../../../H-x86_64-mingw32/nios2-elf/lib\libc.a(lib_a-memset.o)
 .bss           0x000000000080defc        0x0 c:/intelfpga/16.1/nios2eds/bin/gnu/h-x86_64-mingw32/bin/../lib/gcc/nios2-elf/5.3.0/../../../../../H-x86_64-mingw32/nios2-elf/lib\libc.a(lib_a-reallocr.o)
 .bss           0x000000000080defc        0x0 c:/intelfpga/16.1/nios2eds/bin/gnu/h-x86_64-mingw32/bin/../lib/gcc/nios2-elf/5.3.0/../../../../../H-x86_64-mingw32/nios2-elf/lib\libc.a(lib_a-sbrkr.o)
 .bss           0x000000000080defc        0x0 c:/intelfpga/16.1/nios2eds/bin/gnu/h-x86_64-mingw32/bin/../lib/gcc/nios2-elf/5.3.0/../../../../../H-x86_64-mingw32/nios2-elf/lib\libc.a(lib_a-stdio.o)
 .bss           0x000000000080defc        0x0 c:/intelfpga/16.1/nios2eds/bin/gnu/h-x86_64-mingw32/bin/../lib/gcc/nios2-elf/5.3.0/../../../../../H-x86_64-mingw32/nios2-elf/lib\libc.a(lib_a-writer.o)
 .bss           0x000000000080defc        0x0 c:/intelfpga/16.1/nios2eds/bin/gnu/h-x86_64-mingw32/bin/../lib/gcc/nios2-elf/5.3.0/../../../../../H-x86_64-mingw32/nios2-elf/lib\libc.a(lib_a-wsetup.o)
 .bss           0x000000000080defc        0x0 c:/intelfpga/16.1/nios2eds/bin/gnu/h-x86_64-mingw32/bin/../lib/gcc/nios2-elf/5.3.0/../../../../../H-x86_64-mingw32/nios2-elf/lib\libc.a(closer.o)
 .bss           0x000000000080defc        0x0 c:/intelfpga/16.1/nios2eds/bin/gnu/h-x86_64-mingw32/bin/../lib/gcc/nios2-elf/5.3.0/../../../../../H-x86_64-mingw32/nios2-elf/lib\libc.a(lib_a-fclose.o)
 .bss           0x000000000080defc        0x0 c:/intelfpga/16.1/nios2eds/bin/gnu/h-x86_64-mingw32/bin/../lib/gcc/nios2-elf/5.3.0/../../../../../H-x86_64-mingw32/nios2-elf/lib\libc.a(lib_a-fflush.o)
 .bss           0x000000000080defc        0x0 c:/intelfpga/16.1/nios2eds/bin/gnu/h-x86_64-mingw32/bin/../lib/gcc/nios2-elf/5.3.0/../../../../../H-x86_64-mingw32/nios2-elf/lib\libc.a(lib_a-freer.o)
 .bss           0x000000000080defc        0x0 c:/intelfpga/16.1/nios2eds/bin/gnu/h-x86_64-mingw32/bin/../lib/gcc/nios2-elf/5.3.0/../../../../../H-x86_64-mingw32/nios2-elf/lib\libc.a(lib_a-int_errno.o)
 .bss           0x000000000080defc        0x0 c:/intelfpga/16.1/nios2eds/bin/gnu/h-x86_64-mingw32/bin/../lib/gcc/nios2-elf/5.3.0/../../../../../H-x86_64-mingw32/nios2-elf/lib\libc.a(lib_a-lseekr.o)
 .bss           0x000000000080defc        0x0 c:/intelfpga/16.1/nios2eds/bin/gnu/h-x86_64-mingw32/bin/../lib/gcc/nios2-elf/5.3.0/../../../../../H-x86_64-mingw32/nios2-elf/lib\libc.a(lib_a-makebuf.o)
 .bss           0x000000000080defc        0x0 c:/intelfpga/16.1/nios2eds/bin/gnu/h-x86_64-mingw32/bin/../lib/gcc/nios2-elf/5.3.0/../../../../../H-x86_64-mingw32/nios2-elf/lib\libc.a(lib_a-readr.o)
 .bss           0x000000000080defc        0x0 c:/intelfpga/16.1/nios2eds/bin/gnu/h-x86_64-mingw32/bin/../lib/gcc/nios2-elf/5.3.0/../../../../../H-x86_64-mingw32/nios2-elf/lib\libc.a(lib_a-fstatr.o)
 .bss           0x000000000080defc        0x0 c:/intelfpga/16.1/nios2eds/bin/gnu/h-x86_64-mingw32/bin/../lib/gcc/nios2-elf/5.3.0/../../../../../H-x86_64-mingw32/nios2-elf/lib\libc.a(lib_a-isattyr.o)
 .bss           0x000000000080defc        0x0 c:/intelfpga/16.1/nios2eds/bin/gnu/h-x86_64-mingw32/bin/../lib/gcc/nios2-elf/5.3.0\libgcc.a(lib2-divmod.o)
 .bss           0x000000000080defc        0x0 ../pacemaker_bsp/\libhal_bsp.a(alt_alarm_start.o)
 .bss           0x000000000080defc        0x0 ../pacemaker_bsp/\libhal_bsp.a(alt_close.o)
 .bss           0x000000000080defc        0x0 ../pacemaker_bsp/\libhal_bsp.a(alt_dev.o)
 .bss           0x000000000080defc        0x0 ../pacemaker_bsp/\libhal_bsp.a(alt_errno.o)
 .bss           0x000000000080defc        0x0 ../pacemaker_bsp/\libhal_bsp.a(alt_fstat.o)
 .bss           0x000000000080defc        0x0 ../pacemaker_bsp/\libhal_bsp.a(alt_isatty.o)
 .bss           0x000000000080defc        0x0 ../pacemaker_bsp/\libhal_bsp.a(alt_load.o)
 .bss           0x000000000080defc        0x0 ../pacemaker_bsp/\libhal_bsp.a(alt_lseek.o)
 .bss           0x000000000080defc        0x0 ../pacemaker_bsp/\libhal_bsp.a(alt_main.o)
 .bss           0x000000000080defc        0x0 ../pacemaker_bsp/\libhal_bsp.a(alt_malloc_lock.o)
 .bss           0x000000000080defc        0x0 ../pacemaker_bsp/\libhal_bsp.a(alt_read.o)
 .bss           0x000000000080defc        0x0 ../pacemaker_bsp/\libhal_bsp.a(alt_release_fd.o)
 .bss           0x000000000080defc        0x0 ../pacemaker_bsp/\libhal_bsp.a(alt_sbrk.o)
 .bss           0x000000000080defc        0x0 ../pacemaker_bsp/\libhal_bsp.a(alt_tick.o)
 .bss           0x000000000080defc        0x0 ../pacemaker_bsp/\libhal_bsp.a(alt_write.o)
 .bss           0x000000000080defc        0x0 ../pacemaker_bsp/\libhal_bsp.a(alt_sys_init.o)
 .bss           0x000000000080defc        0x0 ../pacemaker_bsp/\libhal_bsp.a(altera_avalon_jtag_uart_fd.o)
 .bss           0x000000000080defc        0x0 ../pacemaker_bsp/\libhal_bsp.a(altera_avalon_jtag_uart_init.o)
 .bss           0x000000000080defc        0x0 ../pacemaker_bsp/\libhal_bsp.a(altera_avalon_jtag_uart_ioctl.o)
 .bss           0x000000000080defc        0x0 ../pacemaker_bsp/\libhal_bsp.a(altera_avalon_jtag_uart_read.o)
 .bss           0x000000000080defc        0x0 ../pacemaker_bsp/\libhal_bsp.a(altera_avalon_jtag_uart_write.o)
 .bss           0x000000000080defc        0x0 ../pacemaker_bsp/\libhal_bsp.a(altera_avalon_lcd_16207.o)
 .bss           0x000000000080defc        0x0 ../pacemaker_bsp/\libhal_bsp.a(altera_avalon_lcd_16207_fd.o)
 .bss           0x000000000080defc        0x0 ../pacemaker_bsp/\libhal_bsp.a(altera_avalon_timer_sc.o)
 .bss           0x000000000080defc        0x0 ../pacemaker_bsp/\libhal_bsp.a(altera_avalon_uart_fd.o)
 .bss           0x000000000080defc        0x0 ../pacemaker_bsp/\libhal_bsp.a(altera_avalon_uart_init.o)
 .bss           0x000000000080defc        0x0 ../pacemaker_bsp/\libhal_bsp.a(altera_avalon_uart_read.o)
 .bss           0x000000000080defc        0x0 ../pacemaker_bsp/\libhal_bsp.a(altera_avalon_uart_write.o)
 .bss           0x000000000080defc        0x0 ../pacemaker_bsp/\libhal_bsp.a(alt_dcache_flush_all.o)
 .bss           0x000000000080defc        0x0 ../pacemaker_bsp/\libhal_bsp.a(alt_dev_llist_insert.o)
 .bss           0x000000000080defc        0x0 ../pacemaker_bsp/\libhal_bsp.a(alt_do_ctors.o)
 .bss           0x000000000080defc        0x0 ../pacemaker_bsp/\libhal_bsp.a(alt_do_dtors.o)
 .bss           0x000000000080defc        0x0 ../pacemaker_bsp/\libhal_bsp.a(alt_icache_flush_all.o)
 .bss           0x000000000080defc        0x0 ../pacemaker_bsp/\libhal_bsp.a(alt_iic.o)
 .bss           0x000000000080defc        0x0 ../pacemaker_bsp/\libhal_bsp.a(alt_iic_isr_register.o)
 .bss           0x000000000080defc        0x0 ../pacemaker_bsp/\libhal_bsp.a(alt_io_redirect.o)
 .bss           0x000000000080defc        0x0 ../pacemaker_bsp/\libhal_bsp.a(alt_irq_entry.o)
 .bss           0x000000000080defc        0x0 ../pacemaker_bsp/\libhal_bsp.a(alt_irq_handler.o)
 .bss           0x000000000080defc        0x0 ../pacemaker_bsp/\libhal_bsp.a(alt_irq_vars.o)
 .bss           0x000000000080defc        0x0 ../pacemaker_bsp/\libhal_bsp.a(alt_open.o)
 .bss           0x000000000080defc        0x0 ../pacemaker_bsp/\libhal_bsp.a(alt_usleep.o)
 .bss           0x000000000080defc        0x0 ../pacemaker_bsp/\libhal_bsp.a(altera_nios2_gen2_irq.o)
 .bss           0x000000000080defc        0x0 ../pacemaker_bsp/\libhal_bsp.a(alt_busy_sleep.o)
 .bss           0x000000000080defc        0x0 ../pacemaker_bsp/\libhal_bsp.a(alt_exception_entry.o)
 .bss           0x000000000080defc        0x0 ../pacemaker_bsp/\libhal_bsp.a(alt_find_dev.o)
 .bss           0x000000000080defc        0x0 ../pacemaker_bsp/\libhal_bsp.a(alt_find_file.o)
 .bss           0x000000000080defc        0x0 ../pacemaker_bsp/\libhal_bsp.a(alt_get_fd.o)
 .bss           0x000000000080defc        0x0 ../pacemaker_bsp/\libhal_bsp.a(alt_icache_flush.o)
 .bss           0x000000000080defc        0x0 ../pacemaker_bsp/\libhal_bsp.a(alt_instruction_exception_entry.o)
 .bss           0x000000000080defc        0x0 c:/intelfpga/16.1/nios2eds/bin/gnu/h-x86_64-mingw32/bin/../lib/gcc/nios2-elf/5.3.0/../../../../../H-x86_64-mingw32/nios2-elf/lib\libc.a(lib_a-atexit.o)
 .bss           0x000000000080defc        0x0 c:/intelfpga/16.1/nios2eds/bin/gnu/h-x86_64-mingw32/bin/../lib/gcc/nios2-elf/5.3.0/../../../../../H-x86_64-mingw32/nios2-elf/lib\libc.a(lib_a-ctype_.o)
 .bss           0x000000000080defc        0x0 c:/intelfpga/16.1/nios2eds/bin/gnu/h-x86_64-mingw32/bin/../lib/gcc/nios2-elf/5.3.0/../../../../../H-x86_64-mingw32/nios2-elf/lib\libc.a(lib_a-exit.o)
 .bss           0x000000000080defc        0x0 c:/intelfpga/16.1/nios2eds/bin/gnu/h-x86_64-mingw32/bin/../lib/gcc/nios2-elf/5.3.0/../../../../../H-x86_64-mingw32/nios2-elf/lib\libc.a(lib_a-memcmp.o)
 .bss           0x000000000080defc        0x0 c:/intelfpga/16.1/nios2eds/bin/gnu/h-x86_64-mingw32/bin/../lib/gcc/nios2-elf/5.3.0/../../../../../H-x86_64-mingw32/nios2-elf/lib\libc.a(lib_a-__atexit.o)
 .bss           0x000000000080defc        0x0 c:/intelfpga/16.1/nios2eds/bin/gnu/h-x86_64-mingw32/bin/../lib/gcc/nios2-elf/5.3.0/../../../../../H-x86_64-mingw32/nios2-elf/lib\libc.a(lib_a-__call_atexit.o)
 .bss           0x000000000080defc        0x0 ../pacemaker_bsp/\libhal_bsp.a(alt_exit.o)
 *(COMMON)
 COMMON         0x000000000080defc       0x30 obj/default/main.o
                0x000000000080defc                timer
                0x000000000080df14                timer2
 COMMON         0x000000000080df2c      0x100 ../pacemaker_bsp/\libhal_bsp.a(alt_irq_handler.o)
                0x000000000080df2c                alt_irq
                0x000000000080e02c                . = ALIGN (0x4)
                0x000000000080e02c                __bss_end = ABSOLUTE (.)

.sdram          0x000000000080e02c        0x0
                [!provide]                        PROVIDE (_alt_partition_sdram_start, ABSOLUTE (.))
 *(.sdram .sdram. sdram.*)
                0x000000000080e02c                . = ALIGN (0x4)
                [!provide]                        PROVIDE (_alt_partition_sdram_end, ABSOLUTE (.))
                0x000000000080e02c                _end = ABSOLUTE (.)
                0x000000000080e02c                end = ABSOLUTE (.)
                0x000000000080e02c                __alt_stack_base = ABSOLUTE (.)
                [!provide]                        PROVIDE (_alt_partition_sdram_load_addr, LOADADDR (.sdram))

.onchip_mem     0x0000000001008000        0x0 load address 0x000000000080e02c
                [!provide]                        PROVIDE (_alt_partition_onchip_mem_start, ABSOLUTE (.))
 *(.onchip_mem .onchip_mem. onchip_mem.*)
                0x0000000001008000                . = ALIGN (0x4)
                [!provide]                        PROVIDE (_alt_partition_onchip_mem_end, ABSOLUTE (.))
                [!provide]                        PROVIDE (_alt_partition_onchip_mem_load_addr, LOADADDR (.onchip_mem))

.stab
 *(.stab)

.stabstr
 *(.stabstr)

.stab.excl
 *(.stab.excl)

.stab.exclstr
 *(.stab.exclstr)

.stab.index
 *(.stab.index)

.stab.indexstr
 *(.stab.indexstr)

.comment        0x0000000000000000       0x23
 *(.comment)
 .comment       0x0000000000000000       0x23 obj/default/main.o
                                         0x24 (size before relaxing)
 .comment       0x0000000000000023       0x24 obj/default/pacemaker.o
 .comment       0x0000000000000023       0x24 c:/intelfpga/16.1/nios2eds/bin/gnu/h-x86_64-mingw32/bin/../lib/gcc/nios2-elf/5.3.0/../../../../../H-x86_64-mingw32/nios2-elf/lib\libc.a(lib_a-puts.o)
 .comment       0x0000000000000023       0x24 c:/intelfpga/16.1/nios2eds/bin/gnu/h-x86_64-mingw32/bin/../lib/gcc/nios2-elf/5.3.0/../../../../../H-x86_64-mingw32/nios2-elf/lib\libc.a(lib_a-strlen.o)
 .comment       0x0000000000000023       0x24 c:/intelfpga/16.1/nios2eds/bin/gnu/h-x86_64-mingw32/bin/../lib/gcc/nios2-elf/5.3.0/../../../../../H-x86_64-mingw32/nios2-elf/lib\libc.a(lib_a-findfp.o)
 .comment       0x0000000000000023       0x24 c:/intelfpga/16.1/nios2eds/bin/gnu/h-x86_64-mingw32/bin/../lib/gcc/nios2-elf/5.3.0/../../../../../H-x86_64-mingw32/nios2-elf/lib\libc.a(lib_a-fvwrite.o)
 .comment       0x0000000000000023       0x24 c:/intelfpga/16.1/nios2eds/bin/gnu/h-x86_64-mingw32/bin/../lib/gcc/nios2-elf/5.3.0/../../../../../H-x86_64-mingw32/nios2-elf/lib\libc.a(lib_a-fwalk.o)
 .comment       0x0000000000000023       0x24 c:/intelfpga/16.1/nios2eds/bin/gnu/h-x86_64-mingw32/bin/../lib/gcc/nios2-elf/5.3.0/../../../../../H-x86_64-mingw32/nios2-elf/lib\libc.a(lib_a-impure.o)
 .comment       0x0000000000000023       0x24 c:/intelfpga/16.1/nios2eds/bin/gnu/h-x86_64-mingw32/bin/../lib/gcc/nios2-elf/5.3.0/../../../../../H-x86_64-mingw32/nios2-elf/lib\libc.a(lib_a-mallocr.o)
 .comment       0x0000000000000023       0x24 c:/intelfpga/16.1/nios2eds/bin/gnu/h-x86_64-mingw32/bin/../lib/gcc/nios2-elf/5.3.0/../../../../../H-x86_64-mingw32/nios2-elf/lib\libc.a(lib_a-memchr.o)
 .comment       0x0000000000000023       0x24 c:/intelfpga/16.1/nios2eds/bin/gnu/h-x86_64-mingw32/bin/../lib/gcc/nios2-elf/5.3.0/../../../../../H-x86_64-mingw32/nios2-elf/lib\libc.a(lib_a-memcpy.o)
 .comment       0x0000000000000023       0x24 c:/intelfpga/16.1/nios2eds/bin/gnu/h-x86_64-mingw32/bin/../lib/gcc/nios2-elf/5.3.0/../../../../../H-x86_64-mingw32/nios2-elf/lib\libc.a(lib_a-memmove.o)
 .comment       0x0000000000000023       0x24 c:/intelfpga/16.1/nios2eds/bin/gnu/h-x86_64-mingw32/bin/../lib/gcc/nios2-elf/5.3.0/../../../../../H-x86_64-mingw32/nios2-elf/lib\libc.a(lib_a-memset.o)
 .comment       0x0000000000000023       0x24 c:/intelfpga/16.1/nios2eds/bin/gnu/h-x86_64-mingw32/bin/../lib/gcc/nios2-elf/5.3.0/../../../../../H-x86_64-mingw32/nios2-elf/lib\libc.a(lib_a-reallocr.o)
 .comment       0x0000000000000023       0x24 c:/intelfpga/16.1/nios2eds/bin/gnu/h-x86_64-mingw32/bin/../lib/gcc/nios2-elf/5.3.0/../../../../../H-x86_64-mingw32/nios2-elf/lib\libc.a(lib_a-sbrkr.o)
 .comment       0x0000000000000023       0x24 c:/intelfpga/16.1/nios2eds/bin/gnu/h-x86_64-mingw32/bin/../lib/gcc/nios2-elf/5.3.0/../../../../../H-x86_64-mingw32/nios2-elf/lib\libc.a(lib_a-stdio.o)
 .comment       0x0000000000000023       0x24 c:/intelfpga/16.1/nios2eds/bin/gnu/h-x86_64-mingw32/bin/../lib/gcc/nios2-elf/5.3.0/../../../../../H-x86_64-mingw32/nios2-elf/lib\libc.a(lib_a-writer.o)
 .comment       0x0000000000000023       0x24 c:/intelfpga/16.1/nios2eds/bin/gnu/h-x86_64-mingw32/bin/../lib/gcc/nios2-elf/5.3.0/../../../../../H-x86_64-mingw32/nios2-elf/lib\libc.a(lib_a-wsetup.o)
 .comment       0x0000000000000023       0x24 c:/intelfpga/16.1/nios2eds/bin/gnu/h-x86_64-mingw32/bin/../lib/gcc/nios2-elf/5.3.0/../../../../../H-x86_64-mingw32/nios2-elf/lib\libc.a(closer.o)
 .comment       0x0000000000000023       0x24 c:/intelfpga/16.1/nios2eds/bin/gnu/h-x86_64-mingw32/bin/../lib/gcc/nios2-elf/5.3.0/../../../../../H-x86_64-mingw32/nios2-elf/lib\libc.a(lib_a-fclose.o)
 .comment       0x0000000000000023       0x24 c:/intelfpga/16.1/nios2eds/bin/gnu/h-x86_64-mingw32/bin/../lib/gcc/nios2-elf/5.3.0/../../../../../H-x86_64-mingw32/nios2-elf/lib\libc.a(lib_a-fflush.o)
 .comment       0x0000000000000023       0x24 c:/intelfpga/16.1/nios2eds/bin/gnu/h-x86_64-mingw32/bin/../lib/gcc/nios2-elf/5.3.0/../../../../../H-x86_64-mingw32/nios2-elf/lib\libc.a(lib_a-freer.o)
 .comment       0x0000000000000023       0x24 c:/intelfpga/16.1/nios2eds/bin/gnu/h-x86_64-mingw32/bin/../lib/gcc/nios2-elf/5.3.0/../../../../../H-x86_64-mingw32/nios2-elf/lib\libc.a(lib_a-int_errno.o)
 .comment       0x0000000000000023       0x24 c:/intelfpga/16.1/nios2eds/bin/gnu/h-x86_64-mingw32/bin/../lib/gcc/nios2-elf/5.3.0/../../../../../H-x86_64-mingw32/nios2-elf/lib\libc.a(lib_a-lseekr.o)
 .comment       0x0000000000000023       0x24 c:/intelfpga/16.1/nios2eds/bin/gnu/h-x86_64-mingw32/bin/../lib/gcc/nios2-elf/5.3.0/../../../../../H-x86_64-mingw32/nios2-elf/lib\libc.a(lib_a-makebuf.o)
 .comment       0x0000000000000023       0x24 c:/intelfpga/16.1/nios2eds/bin/gnu/h-x86_64-mingw32/bin/../lib/gcc/nios2-elf/5.3.0/../../../../../H-x86_64-mingw32/nios2-elf/lib\libc.a(lib_a-readr.o)
 .comment       0x0000000000000023       0x24 c:/intelfpga/16.1/nios2eds/bin/gnu/h-x86_64-mingw32/bin/../lib/gcc/nios2-elf/5.3.0/../../../../../H-x86_64-mingw32/nios2-elf/lib\libc.a(lib_a-fstatr.o)